Archive member included to satisfy reference by file (symbol)

d:/lear/k221/mcu/stm_ide/stm32cubeide_1.10.1/stm32cubeide/plugins/com.st.stm32cube.ide.mcu.externaltools.gnu-tools-for-stm32.10.3-2021.10.win32_1.0.0.202111181127/tools/bin/../lib/gcc/arm-none-eabi/10.3.1/../../../../arm-none-eabi/lib/thumb/v7-m/nofp\libc_nano.a(lib_a-errno.o)
                              ./Core/Src/syscalls.o (__errno)
d:/lear/k221/mcu/stm_ide/stm32cubeide_1.10.1/stm32cubeide/plugins/com.st.stm32cube.ide.mcu.externaltools.gnu-tools-for-stm32.10.3-2021.10.win32_1.0.0.202111181127/tools/bin/../lib/gcc/arm-none-eabi/10.3.1/../../../../arm-none-eabi/lib/thumb/v7-m/nofp\libc_nano.a(lib_a-exit.o)
                              d:/lear/k221/mcu/stm_ide/stm32cubeide_1.10.1/stm32cubeide/plugins/com.st.stm32cube.ide.mcu.externaltools.gnu-tools-for-stm32.10.3-2021.10.win32_1.0.0.202111181127/tools/bin/../lib/gcc/arm-none-eabi/10.3.1/../../../../arm-none-eabi/lib/thumb/v7-m/nofp/crt0.o (exit)
d:/lear/k221/mcu/stm_ide/stm32cubeide_1.10.1/stm32cubeide/plugins/com.st.stm32cube.ide.mcu.externaltools.gnu-tools-for-stm32.10.3-2021.10.win32_1.0.0.202111181127/tools/bin/../lib/gcc/arm-none-eabi/10.3.1/../../../../arm-none-eabi/lib/thumb/v7-m/nofp\libc_nano.a(lib_a-impure.o)
                              d:/lear/k221/mcu/stm_ide/stm32cubeide_1.10.1/stm32cubeide/plugins/com.st.stm32cube.ide.mcu.externaltools.gnu-tools-for-stm32.10.3-2021.10.win32_1.0.0.202111181127/tools/bin/../lib/gcc/arm-none-eabi/10.3.1/../../../../arm-none-eabi/lib/thumb/v7-m/nofp\libc_nano.a(lib_a-exit.o) (_global_impure_ptr)
d:/lear/k221/mcu/stm_ide/stm32cubeide_1.10.1/stm32cubeide/plugins/com.st.stm32cube.ide.mcu.externaltools.gnu-tools-for-stm32.10.3-2021.10.win32_1.0.0.202111181127/tools/bin/../lib/gcc/arm-none-eabi/10.3.1/../../../../arm-none-eabi/lib/thumb/v7-m/nofp\libc_nano.a(lib_a-init.o)
                              d:/lear/k221/mcu/stm_ide/stm32cubeide_1.10.1/stm32cubeide/plugins/com.st.stm32cube.ide.mcu.externaltools.gnu-tools-for-stm32.10.3-2021.10.win32_1.0.0.202111181127/tools/bin/../lib/gcc/arm-none-eabi/10.3.1/../../../../arm-none-eabi/lib/thumb/v7-m/nofp/crt0.o (__libc_init_array)
d:/lear/k221/mcu/stm_ide/stm32cubeide_1.10.1/stm32cubeide/plugins/com.st.stm32cube.ide.mcu.externaltools.gnu-tools-for-stm32.10.3-2021.10.win32_1.0.0.202111181127/tools/bin/../lib/gcc/arm-none-eabi/10.3.1/../../../../arm-none-eabi/lib/thumb/v7-m/nofp\libc_nano.a(lib_a-memset.o)
                              d:/lear/k221/mcu/stm_ide/stm32cubeide_1.10.1/stm32cubeide/plugins/com.st.stm32cube.ide.mcu.externaltools.gnu-tools-for-stm32.10.3-2021.10.win32_1.0.0.202111181127/tools/bin/../lib/gcc/arm-none-eabi/10.3.1/../../../../arm-none-eabi/lib/thumb/v7-m/nofp/crt0.o (memset)
d:/lear/k221/mcu/stm_ide/stm32cubeide_1.10.1/stm32cubeide/plugins/com.st.stm32cube.ide.mcu.externaltools.gnu-tools-for-stm32.10.3-2021.10.win32_1.0.0.202111181127/tools/bin/../lib/gcc/arm-none-eabi/10.3.1/../../../../arm-none-eabi/lib/thumb/v7-m/nofp\libc_nano.a(lib_a-sprintf.o)
                              ./Core/Src/button.o (sprintf)
d:/lear/k221/mcu/stm_ide/stm32cubeide_1.10.1/stm32cubeide/plugins/com.st.stm32cube.ide.mcu.externaltools.gnu-tools-for-stm32.10.3-2021.10.win32_1.0.0.202111181127/tools/bin/../lib/gcc/arm-none-eabi/10.3.1/../../../../arm-none-eabi/lib/thumb/v7-m/nofp\libc_nano.a(lib_a-nano-svfprintf.o)
                              d:/lear/k221/mcu/stm_ide/stm32cubeide_1.10.1/stm32cubeide/plugins/com.st.stm32cube.ide.mcu.externaltools.gnu-tools-for-stm32.10.3-2021.10.win32_1.0.0.202111181127/tools/bin/../lib/gcc/arm-none-eabi/10.3.1/../../../../arm-none-eabi/lib/thumb/v7-m/nofp\libc_nano.a(lib_a-sprintf.o) (_svfprintf_r)
d:/lear/k221/mcu/stm_ide/stm32cubeide_1.10.1/stm32cubeide/plugins/com.st.stm32cube.ide.mcu.externaltools.gnu-tools-for-stm32.10.3-2021.10.win32_1.0.0.202111181127/tools/bin/../lib/gcc/arm-none-eabi/10.3.1/../../../../arm-none-eabi/lib/thumb/v7-m/nofp\libc_nano.a(lib_a-nano-vfprintf_i.o)
                              d:/lear/k221/mcu/stm_ide/stm32cubeide_1.10.1/stm32cubeide/plugins/com.st.stm32cube.ide.mcu.externaltools.gnu-tools-for-stm32.10.3-2021.10.win32_1.0.0.202111181127/tools/bin/../lib/gcc/arm-none-eabi/10.3.1/../../../../arm-none-eabi/lib/thumb/v7-m/nofp\libc_nano.a(lib_a-nano-svfprintf.o) (_printf_i)
d:/lear/k221/mcu/stm_ide/stm32cubeide_1.10.1/stm32cubeide/plugins/com.st.stm32cube.ide.mcu.externaltools.gnu-tools-for-stm32.10.3-2021.10.win32_1.0.0.202111181127/tools/bin/../lib/gcc/arm-none-eabi/10.3.1/../../../../arm-none-eabi/lib/thumb/v7-m/nofp\libc_nano.a(lib_a-memchr-stub.o)
                              d:/lear/k221/mcu/stm_ide/stm32cubeide_1.10.1/stm32cubeide/plugins/com.st.stm32cube.ide.mcu.externaltools.gnu-tools-for-stm32.10.3-2021.10.win32_1.0.0.202111181127/tools/bin/../lib/gcc/arm-none-eabi/10.3.1/../../../../arm-none-eabi/lib/thumb/v7-m/nofp\libc_nano.a(lib_a-nano-svfprintf.o) (memchr)
[...]
Memory Configuration

Name             Origin             Length             Attributes
RAM              0x0000000020000000 0x0000000000002800 xrw
FLASH            0x0000000008000000 0x0000000000008000 xr
*default*        0x0000000000000000 0xffffffffffffffff

Linker script and memory map

LOAD d:/lear/k221/mcu/stm_ide/stm32cubeide_1.10.1/stm32cubeide/plugins/com.st.stm32cube.ide.mcu.externaltools.gnu-tools-for-stm32.10.3-2021.10.win32_1.0.0.202111181127/tools/bin/../lib/gcc/arm-none-eabi/10.3.1/thumb/v7-m/nofp/crti.o
LOAD d:/lear/k221/mcu/stm_ide/stm32cubeide_1.10.1/stm32cubeide/plugins/com.st.stm32cube.ide.mcu.externaltools.gnu-tools-for-stm32.10.3-2021.10.win32_1.0.0.202111181127/tools/bin/../lib/gcc/arm-none-eabi/10.3.1/thumb/v7-m/nofp/crtbegin.o
LOAD d:/lear/k221/mcu/stm_ide/stm32cubeide_1.10.1/stm32cubeide/plugins/com.st.stm32cube.ide.mcu.externaltools.gnu-tools-for-stm32.10.3-2021.10.win32_1.0.0.202111181127/tools/bin/../lib/gcc/arm-none-eabi/10.3.1/../../../../arm-none-eabi/lib/thumb/v7-m/nofp/crt0.o
LOAD ./Core/Src/button.o
LOAD ./Core/Src/main.o
LOAD ./Core/Src/pedestrian.o
LOAD ./Core/Src/scheduler.o
LOAD ./Core/Src/software_timer.o
LOAD ./Core/Src/stm32f1xx_hal_msp.o
LOAD ./Core/Src/stm32f1xx_hal_timebase_tim.o
LOAD ./Core/Src/stm32f1xx_it.o
LOAD ./Core/Src/syscalls.o
LOAD ./Core/Src/sysmem.o
LOAD ./Core/Src/system_stm32f1xx.o
LOAD ./Core/Src/task.o
LOAD ./Core/Startup/startup_stm32f103c6tx.o
LOAD ./Drivers/STM32F1xx_HAL_Driver/Src/stm32f1xx_hal.o
LOAD ./Drivers/STM32F1xx_HAL_Driver/Src/stm32f1xx_hal_cortex.o
LOAD ./Drivers/STM32F1xx_HAL_Driver/Src/stm32f1xx_hal_dma.o
LOAD ./Drivers/STM32F1xx_HAL_Driver/Src/stm32f1xx_hal_exti.o
LOAD ./Drivers/STM32F1xx_HAL_Driver/Src/stm32f1xx_hal_flash.o
LOAD ./Drivers/STM32F1xx_HAL_Driver/Src/stm32f1xx_hal_flash_ex.o
LOAD ./Drivers/STM32F1xx_HAL_Driver/Src/stm32f1xx_hal_gpio.o
LOAD ./Drivers/STM32F1xx_HAL_Driver/Src/stm32f1xx_hal_gpio_ex.o
LOAD ./Drivers/STM32F1xx_HAL_Driver/Src/stm32f1xx_hal_pwr.o
LOAD ./Drivers/STM32F1xx_HAL_Driver/Src/stm32f1xx_hal_rcc.o
LOAD ./Drivers/STM32F1xx_HAL_Driver/Src/stm32f1xx_hal_rcc_ex.o
LOAD ./Drivers/STM32F1xx_HAL_Driver/Src/stm32f1xx_hal_tim.o
LOAD ./Drivers/STM32F1xx_HAL_Driver/Src/stm32f1xx_hal_tim_ex.o
LOAD ./Drivers/STM32F1xx_HAL_Driver/Src/stm32f1xx_hal_uart.o
START GROUP
LOAD d:/lear/k221/mcu/stm_ide/stm32cubeide_1.10.1/stm32cubeide/plugins/com.st.stm32cube.ide.mcu.externaltools.gnu-tools-for-stm32.10.3-2021.10.win32_1.0.0.202111181127/tools/bin/../lib/gcc/arm-none-eabi/10.3.1/../../../../arm-none-eabi/lib/thumb/v7-m/nofp\libc_nano.a
LOAD d:/lear/k221/mcu/stm_ide/stm32cubeide_1.10.1/stm32cubeide/plugins/com.st.stm32cube.ide.mcu.externaltools.gnu-tools-for-stm32.10.3-2021.10.win32_1.0.0.202111181127/tools/bin/../lib/gcc/arm-none-eabi/10.3.1/../../../../arm-none-eabi/lib/thumb/v7-m/nofp\libm.a
END GROUP
START GROUP
LOAD d:/lear/k221/mcu/stm_ide/stm32cubeide_1.10.1/stm32cubeide/plugins/com.st.stm32cube.ide.mcu.externaltools.gnu-tools-for-stm32.10.3-2021.10.win32_1.0.0.202111181127/tools/bin/../lib/gcc/arm-none-eabi/10.3.1/thumb/v7-m/nofp\libgcc.a
LOAD d:/lear/k221/mcu/stm_ide/stm32cubeide_1.10.1/stm32cubeide/plugins/com.st.stm32cube.ide.mcu.externaltools.gnu-tools-for-stm32.10.3-2021.10.win32_1.0.0.202111181127/tools/bin/../lib/gcc/arm-none-eabi/10.3.1/../../../../arm-none-eabi/lib/thumb/v7-m/nofp\libc_nano.a
END GROUP
START GROUP
LOAD d:/lear/k221/mcu/stm_ide/stm32cubeide_1.10.1/stm32cubeide/plugins/com.st.stm32cube.ide.mcu.externaltools.gnu-tools-for-stm32.10.3-2021.10.win32_1.0.0.202111181127/tools/bin/../lib/gcc/arm-none-eabi/10.3.1/thumb/v7-m/nofp\libgcc.a
LOAD d:/lear/k221/mcu/stm_ide/stm32cubeide_1.10.1/stm32cubeide/plugins/com.st.stm32cube.ide.mcu.externaltools.gnu-tools-for-stm32.10.3-2021.10.win32_1.0.0.202111181127/tools/bin/../lib/gcc/arm-none-eabi/10.3.1/../../../../arm-none-eabi/lib/thumb/v7-m/nofp\libc_nano.a
LOAD d:/lear/k221/mcu/stm_ide/stm32cubeide_1.10.1/stm32cubeide/plugins/com.st.stm32cube.ide.mcu.externaltools.gnu-tools-for-stm32.10.3-2021.10.win32_1.0.0.202111181127/tools/bin/../lib/gcc/arm-none-eabi/10.3.1/../../../../arm-none-eabi/lib/thumb/v7-m/nofp\libnosys.a
END GROUP
START GROUP
LOAD d:/lear/k221/mcu/stm_ide/stm32cubeide_1.10.1/stm32cubeide/plugins/com.st.stm32cube.ide.mcu.externaltools.gnu-tools-for-stm32.10.3-2021.10.win32_1.0.0.202111181127/tools/bin/../lib/gcc/arm-none-eabi/10.3.1/thumb/v7-m/nofp\libgcc.a
LOAD d:/lear/k221/mcu/stm_ide/stm32cubeide_1.10.1/stm32cubeide/plugins/com.st.stm32cube.ide.mcu.externaltools.gnu-tools-for-stm32.10.3-2021.10.win32_1.0.0.202111181127/tools/bin/../lib/gcc/arm-none-eabi/10.3.1/../../../../arm-none-eabi/lib/thumb/v7-m/nofp\libc_nano.a
LOAD d:/lear/k221/mcu/stm_ide/stm32cubeide_1.10.1/stm32cubeide/plugins/com.st.stm32cube.ide.mcu.externaltools.gnu-tools-for-stm32.10.3-2021.10.win32_1.0.0.202111181127/tools/bin/../lib/gcc/arm-none-eabi/10.3.1/../../../../arm-none-eabi/lib/thumb/v7-m/nofp\libnosys.a
END GROUP
LOAD d:/lear/k221/mcu/stm_ide/stm32cubeide_1.10.1/stm32cubeide/plugins/com.st.stm32cube.ide.mcu.externaltools.gnu-tools-for-stm32.10.3-2021.10.win32_1.0.0.202111181127/tools/bin/../lib/gcc/arm-none-eabi/10.3.1/thumb/v7-m/nofp/crtend.o
LOAD d:/lear/k221/mcu/stm_ide/stm32cubeide_1.10.1/stm32cubeide/plugins/com.st.stm32cube.ide.mcu.externaltools.gnu-tools-for-stm32.10.3-2021.10.win32_1.0.0.202111181127/tools/bin/../lib/gcc/arm-none-eabi/10.3.1/thumb/v7-m/nofp/crtn.o
                0x0000000020002800                _estack = (ORIGIN (RAM) + LENGTH (RAM))
                0x0000000000000200                _Min_Heap_Size = 0x200
                0x0000000000000400                _Min_Stack_Size = 0x400

.isr_vector     0x0000000008000000      0x10c
                0x0000000008000000                . = ALIGN (0x4)
 *(.isr_vector)
 .isr_vector    0x0000000008000000      0x10c ./Core/Startup/startup_stm32f103c6tx.o
                0x0000000008000000                g_pfnVectors
                0x000000000800010c                . = ALIGN (0x4)

.text           0x000000000800010c     0x44d0
                0x000000000800010c                . = ALIGN (0x4)
 *(.text)
 .text          0x000000000800010c       0x40 d:/lear/k221/mcu/stm_ide/stm32cubeide_1.10.1/stm32cubeide/plugins/com.st.stm32cube.ide.mcu.externaltools.gnu-tools-for-stm32.10.3-2021.10.win32_1.0.0.202111181127/tools/bin/../lib/gcc/arm-none-eabi/10.3.1/thumb/v7-m/nofp/crtbegin.o
 *(.text*)
 .text.key0Process
                0x000000000800014c       0xbc ./Core/Src/button.o
                0x000000000800014c                key0Process
 .text.key1Process
                0x0000000008000208       0x30 ./Core/Src/button.o
                0x0000000008000208                key1Process
 .text.key2Process
                0x0000000008000238       0x9c ./Core/Src/button.o
                0x0000000008000238                key2Process
 .text.key3Process
                0x00000000080002d4       0x18 ./Core/Src/button.o
                0x00000000080002d4                key3Process
 .text.getKeyInput
                0x00000000080002ec      0x190 ./Core/Src/button.o
                0x00000000080002ec                getKeyInput
 .text.main     0x000000000800047c       0x6c ./Core/Src/main.o
                0x000000000800047c                main
 .text.SystemClock_Config
                0x00000000080004e8       0x82 ./Core/Src/main.o
                0x00000000080004e8                SystemClock_Config
 *fill*         0x000000000800056a        0x2 
 .text.MX_TIM2_Init
                0x000000000800056c       0x98 ./Core/Src/main.o
 .text.MX_TIM3_Init
                0x0000000008000604       0xec ./Core/Src/main.o
 .text.MX_USART2_UART_Init
                0x00000000080006f0       0x54 ./Core/Src/main.o
 .text.MX_GPIO_Init
                0x0000000008000744       0x98 ./Core/Src/main.o
 .text.HAL_TIM_PeriodElapsedCallback
                0x00000000080007dc       0x28 ./Core/Src/main.o
                0x00000000080007dc                HAL_TIM_PeriodElapsedCallback
 .text.Error_Handler
                0x0000000008000804        0xa ./Core/Src/main.o
                0x0000000008000804                Error_Handler
 *fill*         0x000000000800080e        0x2 
 .text.pedestrian_fsm
                0x0000000008000810      0x154 ./Core/Src/pedestrian.o
                0x0000000008000810                pedestrian_fsm
 .text.SCH_init
                0x0000000008000964       0x34 ./Core/Src/scheduler.o
                0x0000000008000964                SCH_init
 .text.SCH_update
                0x0000000008000998       0xb0 ./Core/Src/scheduler.o
                0x0000000008000998                SCH_update
 .text.SCH_add_task
                0x0000000008000a48       0xa0 ./Core/Src/scheduler.o
                0x0000000008000a48                SCH_add_task
 .text.SCH_dispatch_tasks
                0x0000000008000ae8       0x80 ./Core/Src/scheduler.o
                0x0000000008000ae8                SCH_dispatch_tasks
 .text.SCH_delete_task
                0x0000000008000b68       0x98 ./Core/Src/scheduler.o
                0x0000000008000b68                SCH_delete_task
 .text.set_timer0
                0x0000000008000c00       0x28 ./Core/Src/software_timer.o
                0x0000000008000c00                set_timer0
 .text.set_timer1
                0x0000000008000c28       0x28 ./Core/Src/software_timer.o
                0x0000000008000c28                set_timer1
 .text.timer_run
                0x0000000008000c50       0x64 ./Core/Src/software_timer.o
                0x0000000008000c50                timer_run
 .text.HAL_MspInit
                0x0000000008000cb4       0x64 ./Core/Src/stm32f1xx_hal_msp.o
                0x0000000008000cb4                HAL_MspInit
 .text.HAL_TIM_Base_MspInit
                0x0000000008000d18       0x80 ./Core/Src/stm32f1xx_hal_msp.o
                0x0000000008000d18                HAL_TIM_Base_MspInit
 .text.HAL_TIM_MspPostInit
                0x0000000008000d98       0x64 ./Core/Src/stm32f1xx_hal_msp.o
                0x0000000008000d98                HAL_TIM_MspPostInit
 .text.HAL_UART_MspInit
                0x0000000008000dfc       0xa4 ./Core/Src/stm32f1xx_hal_msp.o
                0x0000000008000dfc                HAL_UART_MspInit
 .text.HAL_InitTick
                0x0000000008000ea0       0xe4 ./Core/Src/stm32f1xx_hal_timebase_tim.o
                0x0000000008000ea0                HAL_InitTick
 .text.NMI_Handler
                0x0000000008000f84        0x6 ./Core/Src/stm32f1xx_it.o
                0x0000000008000f84                NMI_Handler
 .text.HardFault_Handler
                0x0000000008000f8a        0x6 ./Core/Src/stm32f1xx_it.o
                0x0000000008000f8a                HardFault_Handler
 .text.MemManage_Handler
                0x0000000008000f90        0x6 ./Core/Src/stm32f1xx_it.o
                0x0000000008000f90                MemManage_Handler
 .text.BusFault_Handler
                0x0000000008000f96        0x6 ./Core/Src/stm32f1xx_it.o
                0x0000000008000f96                BusFault_Handler
 .text.UsageFault_Handler
                0x0000000008000f9c        0x6 ./Core/Src/stm32f1xx_it.o
                0x0000000008000f9c                UsageFault_Handler
 .text.SVC_Handler
                0x0000000008000fa2        0xc ./Core/Src/stm32f1xx_it.o
                0x0000000008000fa2                SVC_Handler
 .text.DebugMon_Handler
                0x0000000008000fae        0xc ./Core/Src/stm32f1xx_it.o
                0x0000000008000fae                DebugMon_Handler
 .text.PendSV_Handler
                0x0000000008000fba        0xc ./Core/Src/stm32f1xx_it.o
                0x0000000008000fba                PendSV_Handler
 .text.SysTick_Handler
                0x0000000008000fc6        0xc ./Core/Src/stm32f1xx_it.o
                0x0000000008000fc6                SysTick_Handler
 *fill*         0x0000000008000fd2        0x2 
 .text.TIM1_UP_IRQHandler
                0x0000000008000fd4       0x14 ./Core/Src/stm32f1xx_it.o
                0x0000000008000fd4                TIM1_UP_IRQHandler
 .text.TIM2_IRQHandler
                0x0000000008000fe8       0x14 ./Core/Src/stm32f1xx_it.o
                0x0000000008000fe8                TIM2_IRQHandler
 .text.TIM3_IRQHandler
                0x0000000008000ffc       0x14 ./Core/Src/stm32f1xx_it.o
                0x0000000008000ffc                TIM3_IRQHandler
 .text.USART2_IRQHandler
                0x0000000008001010       0x14 ./Core/Src/stm32f1xx_it.o
                0x0000000008001010                USART2_IRQHandler
 .text._sbrk    0x0000000008001024       0x6c ./Core/Src/sysmem.o
                0x0000000008001024                _sbrk
 .text.SystemInit
                0x0000000008001090        0xc ./Core/Src/system_stm32f1xx.o
                0x0000000008001090                SystemInit
 .text.fsm_auto
                0x000000000800109c      0x170 ./Core/Src/task.o
                0x000000000800109c                fsm_auto
 .text.fsm_mode
                0x000000000800120c      0x118 ./Core/Src/task.o
                0x000000000800120c                fsm_mode
 .text.fsm      0x0000000008001324       0x10 ./Core/Src/task.o
                0x0000000008001324                fsm
 .text.init_task
                0x0000000008001334       0x68 ./Core/Src/task.o
                0x0000000008001334                init_task
 .text.update_state
                0x000000000800139c       0xe0 ./Core/Src/task.o
                0x000000000800139c                update_state
 .text.Reset_Handler
                0x000000000800147c       0x48 ./Core/Startup/startup_stm32f103c6tx.o
                0x000000000800147c                Reset_Handler
 .text.Default_Handler
                0x00000000080014c4        0x2 ./Core/Startup/startup_stm32f103c6tx.o
                0x00000000080014c4                RTC_Alarm_IRQHandler
                0x00000000080014c4                EXTI2_IRQHandler
                0x00000000080014c4                TIM1_CC_IRQHandler
                0x00000000080014c4                PVD_IRQHandler
                0x00000000080014c4                EXTI3_IRQHandler
                0x00000000080014c4                EXTI0_IRQHandler
                0x00000000080014c4                ADC1_2_IRQHandler
                0x00000000080014c4                SPI1_IRQHandler
                0x00000000080014c4                TAMPER_IRQHandler
                0x00000000080014c4                DMA1_Channel4_IRQHandler
                0x00000000080014c4                RTC_IRQHandler
                0x00000000080014c4                DMA1_Channel7_IRQHandler
                0x00000000080014c4                CAN1_RX1_IRQHandler
                0x00000000080014c4                I2C1_EV_IRQHandler
                0x00000000080014c4                DMA1_Channel6_IRQHandler
                0x00000000080014c4                RCC_IRQHandler
                0x00000000080014c4                TIM1_TRG_COM_IRQHandler
                0x00000000080014c4                DMA1_Channel1_IRQHandler
                0x00000000080014c4                Default_Handler
                0x00000000080014c4                EXTI15_10_IRQHandler
                0x00000000080014c4                EXTI9_5_IRQHandler
                0x00000000080014c4                DMA1_Channel5_IRQHandler
                0x00000000080014c4                EXTI4_IRQHandler
                0x00000000080014c4                USB_LP_CAN1_RX0_IRQHandler
                0x00000000080014c4                USB_HP_CAN1_TX_IRQHandler
                0x00000000080014c4                DMA1_Channel3_IRQHandler
                0x00000000080014c4                WWDG_IRQHandler
                0x00000000080014c4                TIM1_BRK_IRQHandler
                0x00000000080014c4                EXTI1_IRQHandler
                0x00000000080014c4                DMA1_Channel2_IRQHandler
                0x00000000080014c4                CAN1_SCE_IRQHandler
                0x00000000080014c4                FLASH_IRQHandler
                0x00000000080014c4                USART1_IRQHandler
                0x00000000080014c4                I2C1_ER_IRQHandler
                0x00000000080014c4                USBWakeUp_IRQHandler
 *fill*         0x00000000080014c6        0x2 
 .text.HAL_Init
                0x00000000080014c8       0x2c ./Drivers/STM32F1xx_HAL_Driver/Src/stm32f1xx_hal.o
                0x00000000080014c8                HAL_Init
 .text.HAL_IncTick
                0x00000000080014f4       0x24 ./Drivers/STM32F1xx_HAL_Driver/Src/stm32f1xx_hal.o
                0x00000000080014f4                HAL_IncTick
 .text.HAL_GetTick
                0x0000000008001518       0x14 ./Drivers/STM32F1xx_HAL_Driver/Src/stm32f1xx_hal.o
                0x0000000008001518                HAL_GetTick
 .text.__NVIC_SetPriorityGrouping
                0x000000000800152c       0x48 ./Drivers/STM32F1xx_HAL_Driver/Src/stm32f1xx_hal_cortex.o
 .text.__NVIC_GetPriorityGrouping
                0x0000000008001574       0x1c ./Drivers/STM32F1xx_HAL_Driver/Src/stm32f1xx_hal_cortex.o
 .text.__NVIC_EnableIRQ
                0x0000000008001590       0x38 ./Drivers/STM32F1xx_HAL_Driver/Src/stm32f1xx_hal_cortex.o
 .text.__NVIC_SetPriority
                0x00000000080015c8       0x54 ./Drivers/STM32F1xx_HAL_Driver/Src/stm32f1xx_hal_cortex.o
 .text.NVIC_EncodePriority
                0x000000000800161c       0x64 ./Drivers/STM32F1xx_HAL_Driver/Src/stm32f1xx_hal_cortex.o
 .text.HAL_NVIC_SetPriorityGrouping
                0x0000000008001680       0x16 ./Drivers/STM32F1xx_HAL_Driver/Src/stm32f1xx_hal_cortex.o
                0x0000000008001680                HAL_NVIC_SetPriorityGrouping
 .text.HAL_NVIC_SetPriority
                0x0000000008001696       0x38 ./Drivers/STM32F1xx_HAL_Driver/Src/stm32f1xx_hal_cortex.o
                0x0000000008001696                HAL_NVIC_SetPriority
 .text.HAL_NVIC_EnableIRQ
                0x00000000080016ce       0x1c ./Drivers/STM32F1xx_HAL_Driver/Src/stm32f1xx_hal_cortex.o
                0x00000000080016ce                HAL_NVIC_EnableIRQ
 .text.HAL_DMA_Abort
                0x00000000080016ea       0x74 ./Drivers/STM32F1xx_HAL_Driver/Src/stm32f1xx_hal_dma.o
                0x00000000080016ea                HAL_DMA_Abort
 *fill*         0x000000000800175e        0x2 
 .text.HAL_DMA_Abort_IT
                0x0000000008001760       0xec ./Drivers/STM32F1xx_HAL_Driver/Src/stm32f1xx_hal_dma.o
                0x0000000008001760                HAL_DMA_Abort_IT
 .text.HAL_GPIO_Init
                0x000000000800184c      0x2f8 ./Drivers/STM32F1xx_HAL_Driver/Src/stm32f1xx_hal_gpio.o
                0x000000000800184c                HAL_GPIO_Init
 .text.HAL_GPIO_ReadPin
                0x0000000008001b44       0x2e ./Drivers/STM32F1xx_HAL_Driver/Src/stm32f1xx_hal_gpio.o
                0x0000000008001b44                HAL_GPIO_ReadPin
 .text.HAL_GPIO_WritePin
                0x0000000008001b72       0x30 ./Drivers/STM32F1xx_HAL_Driver/Src/stm32f1xx_hal_gpio.o
                0x0000000008001b72                HAL_GPIO_WritePin
 *fill*         0x0000000008001ba2        0x2 
 .text.HAL_RCC_OscConfig
                0x0000000008001ba4      0x504 ./Drivers/STM32F1xx_HAL_Driver/Src/stm32f1xx_hal_rcc.o
                0x0000000008001ba4                HAL_RCC_OscConfig
 .text.HAL_RCC_ClockConfig
                0x00000000080020a8      0x1d4 ./Drivers/STM32F1xx_HAL_Driver/Src/stm32f1xx_hal_rcc.o
                0x00000000080020a8                HAL_RCC_ClockConfig
 .text.HAL_RCC_GetSysClockFreq
                0x000000000800227c       0xbc ./Drivers/STM32F1xx_HAL_Driver/Src/stm32f1xx_hal_rcc.o
                0x000000000800227c                HAL_RCC_GetSysClockFreq
 .text.HAL_RCC_GetHCLKFreq
                0x0000000008002338       0x14 ./Drivers/STM32F1xx_HAL_Driver/Src/stm32f1xx_hal_rcc.o
                0x0000000008002338                HAL_RCC_GetHCLKFreq
 .text.HAL_RCC_GetPCLK1Freq
                0x000000000800234c       0x28 ./Drivers/STM32F1xx_HAL_Driver/Src/stm32f1xx_hal_rcc.o
                0x000000000800234c                HAL_RCC_GetPCLK1Freq
 .text.HAL_RCC_GetPCLK2Freq
                0x0000000008002374       0x28 ./Drivers/STM32F1xx_HAL_Driver/Src/stm32f1xx_hal_rcc.o
                0x0000000008002374                HAL_RCC_GetPCLK2Freq
 .text.HAL_RCC_GetClockConfig
                0x000000000800239c       0x60 ./Drivers/STM32F1xx_HAL_Driver/Src/stm32f1xx_hal_rcc.o
                0x000000000800239c                HAL_RCC_GetClockConfig
 .text.RCC_Delay
                0x00000000080023fc       0x3c ./Drivers/STM32F1xx_HAL_Driver/Src/stm32f1xx_hal_rcc.o
 .text.HAL_TIM_Base_Init
                0x0000000008002438       0x9e ./Drivers/STM32F1xx_HAL_Driver/Src/stm32f1xx_hal_tim.o
                0x0000000008002438                HAL_TIM_Base_Init
 *fill*         0x00000000080024d6        0x2 
 .text.HAL_TIM_Base_Start_IT
                0x00000000080024d8       0x98 ./Drivers/STM32F1xx_HAL_Driver/Src/stm32f1xx_hal_tim.o
                0x00000000080024d8                HAL_TIM_Base_Start_IT
 .text.HAL_TIM_PWM_Init
                0x0000000008002570       0x9e ./Drivers/STM32F1xx_HAL_Driver/Src/stm32f1xx_hal_tim.o
                0x0000000008002570                HAL_TIM_PWM_Init
 .text.HAL_TIM_PWM_MspInit
                0x000000000800260e       0x12 ./Drivers/STM32F1xx_HAL_Driver/Src/stm32f1xx_hal_tim.o
                0x000000000800260e                HAL_TIM_PWM_MspInit
 .text.HAL_TIM_PWM_Start
                0x0000000008002620      0x138 ./Drivers/STM32F1xx_HAL_Driver/Src/stm32f1xx_hal_tim.o
                0x0000000008002620                HAL_TIM_PWM_Start
 .text.HAL_TIM_IRQHandler
                0x0000000008002758      0x210 ./Drivers/STM32F1xx_HAL_Driver/Src/stm32f1xx_hal_tim.o
                0x0000000008002758                HAL_TIM_IRQHandler
 .text.HAL_TIM_PWM_ConfigChannel
                0x0000000008002968      0x17c ./Drivers/STM32F1xx_HAL_Driver/Src/stm32f1xx_hal_tim.o
                0x0000000008002968                HAL_TIM_PWM_ConfigChannel
 .text.HAL_TIM_ConfigClockSource
                0x0000000008002ae4      0x188 ./Drivers/STM32F1xx_HAL_Driver/Src/stm32f1xx_hal_tim.o
                0x0000000008002ae4                HAL_TIM_ConfigClockSource
 .text.HAL_TIM_OC_DelayElapsedCallback
                0x0000000008002c6c       0x12 ./Drivers/STM32F1xx_HAL_Driver/Src/stm32f1xx_hal_tim.o
                0x0000000008002c6c                HAL_TIM_OC_DelayElapsedCallback
 .text.HAL_TIM_IC_CaptureCallback
                0x0000000008002c7e       0x12 ./Drivers/STM32F1xx_HAL_Driver/Src/stm32f1xx_hal_tim.o
                0x0000000008002c7e                HAL_TIM_IC_CaptureCallback
 .text.HAL_TIM_PWM_PulseFinishedCallback
                0x0000000008002c90       0x12 ./Drivers/STM32F1xx_HAL_Driver/Src/stm32f1xx_hal_tim.o
                0x0000000008002c90                HAL_TIM_PWM_PulseFinishedCallback
 .text.HAL_TIM_TriggerCallback
                0x0000000008002ca2       0x12 ./Drivers/STM32F1xx_HAL_Driver/Src/stm32f1xx_hal_tim.o
                0x0000000008002ca2                HAL_TIM_TriggerCallback
 .text.TIM_Base_SetConfig
                0x0000000008002cb4       0xb0 ./Drivers/STM32F1xx_HAL_Driver/Src/stm32f1xx_hal_tim.o
                0x0000000008002cb4                TIM_Base_SetConfig
 .text.TIM_OC1_SetConfig
                0x0000000008002d64       0xcc ./Drivers/STM32F1xx_HAL_Driver/Src/stm32f1xx_hal_tim.o
 .text.TIM_OC2_SetConfig
                0x0000000008002e30       0xd4 ./Drivers/STM32F1xx_HAL_Driver/Src/stm32f1xx_hal_tim.o
                0x0000000008002e30                TIM_OC2_SetConfig
 .text.TIM_OC3_SetConfig
                0x0000000008002f04       0xd4 ./Drivers/STM32F1xx_HAL_Driver/Src/stm32f1xx_hal_tim.o
 .text.TIM_OC4_SetConfig
                0x0000000008002fd8       0x9c ./Drivers/STM32F1xx_HAL_Driver/Src/stm32f1xx_hal_tim.o
 .text.TIM_TI1_ConfigInputStage
                0x0000000008003074       0x5c ./Drivers/STM32F1xx_HAL_Driver/Src/stm32f1xx_hal_tim.o
 .text.TIM_TI2_ConfigInputStage
                0x00000000080030d0       0x5e ./Drivers/STM32F1xx_HAL_Driver/Src/stm32f1xx_hal_tim.o
 .text.TIM_ITRx_SetConfig
                0x000000000800312e       0x34 ./Drivers/STM32F1xx_HAL_Driver/Src/stm32f1xx_hal_tim.o
 .text.TIM_ETR_SetConfig
                0x0000000008003162       0x3e ./Drivers/STM32F1xx_HAL_Driver/Src/stm32f1xx_hal_tim.o
                0x0000000008003162                TIM_ETR_SetConfig
 .text.TIM_CCxChannelCmd
                0x00000000080031a0       0x48 ./Drivers/STM32F1xx_HAL_Driver/Src/stm32f1xx_hal_tim.o
                0x00000000080031a0                TIM_CCxChannelCmd
 .text.HAL_TIMEx_MasterConfigSynchronization
                0x00000000080031e8       0xb0 ./Drivers/STM32F1xx_HAL_Driver/Src/stm32f1xx_hal_tim_ex.o
                0x00000000080031e8                HAL_TIMEx_MasterConfigSynchronization
 .text.HAL_TIMEx_CommutCallback
                0x0000000008003298       0x12 ./Drivers/STM32F1xx_HAL_Driver/Src/stm32f1xx_hal_tim_ex.o
                0x0000000008003298                HAL_TIMEx_CommutCallback
 .text.HAL_TIMEx_BreakCallback
                0x00000000080032aa       0x12 ./Drivers/STM32F1xx_HAL_Driver/Src/stm32f1xx_hal_tim_ex.o
                0x00000000080032aa                HAL_TIMEx_BreakCallback
 .text.HAL_UART_Init
                0x00000000080032bc       0x9a ./Drivers/STM32F1xx_HAL_Driver/Src/stm32f1xx_hal_uart.o
                0x00000000080032bc                HAL_UART_Init
 .text.HAL_UART_Transmit
                0x0000000008003356      0x124 ./Drivers/STM32F1xx_HAL_Driver/Src/stm32f1xx_hal_uart.o
                0x0000000008003356                HAL_UART_Transmit
 *fill*         0x000000000800347a        0x2 
 .text.HAL_UART_IRQHandler
                0x000000000800347c      0x354 ./Drivers/STM32F1xx_HAL_Driver/Src/stm32f1xx_hal_uart.o
                0x000000000800347c                HAL_UART_IRQHandler
 .text.HAL_UART_TxCpltCallback
                0x00000000080037d0       0x12 ./Drivers/STM32F1xx_HAL_Driver/Src/stm32f1xx_hal_uart.o
                0x00000000080037d0                HAL_UART_TxCpltCallback
 .text.HAL_UART_RxCpltCallback
                0x00000000080037e2       0x12 ./Drivers/STM32F1xx_HAL_Driver/Src/stm32f1xx_hal_uart.o
                0x00000000080037e2                HAL_UART_RxCpltCallback
 .text.HAL_UART_ErrorCallback
                0x00000000080037f4       0x12 ./Drivers/STM32F1xx_HAL_Driver/Src/stm32f1xx_hal_uart.o
                0x00000000080037f4                HAL_UART_ErrorCallback
 .text.HAL_UARTEx_RxEventCallback
                0x0000000008003806       0x16 ./Drivers/STM32F1xx_HAL_Driver/Src/stm32f1xx_hal_uart.o
                0x0000000008003806                HAL_UARTEx_RxEventCallback
 .text.UART_WaitOnFlagUntilTimeout
                0x000000000800381c       0x94 ./Drivers/STM32F1xx_HAL_Driver/Src/stm32f1xx_hal_uart.o
 .text.UART_EndRxTransfer
                0x00000000080038b0       0x58 ./Drivers/STM32F1xx_HAL_Driver/Src/stm32f1xx_hal_uart.o
 .text.UART_DMAAbortOnError
                0x0000000008003908       0x28 ./Drivers/STM32F1xx_HAL_Driver/Src/stm32f1xx_hal_uart.o
 .text.UART_Transmit_IT
                0x0000000008003930       0x9e ./Drivers/STM32F1xx_HAL_Driver/Src/stm32f1xx_hal_uart.o
 .text.UART_EndTransmit_IT
                0x00000000080039ce       0x30 ./Drivers/STM32F1xx_HAL_Driver/Src/stm32f1xx_hal_uart.o
 .text.UART_Receive_IT
                0x00000000080039fe      0x152 ./Drivers/STM32F1xx_HAL_Driver/Src/stm32f1xx_hal_uart.o
 .text.UART_SetConfig
                0x0000000008003b50      0x11c ./Drivers/STM32F1xx_HAL_Driver/Src/stm32f1xx_hal_uart.o
 .text.__errno  0x0000000008003c6c        0xc d:/lear/k221/mcu/stm_ide/stm32cubeide_1.10.1/stm32cubeide/plugins/com.st.stm32cube.ide.mcu.externaltools.gnu-tools-for-stm32.10.3-2021.10.win32_1.0.0.202111181127/tools/bin/../lib/gcc/arm-none-eabi/10.3.1/../../../../arm-none-eabi/lib/thumb/v7-m/nofp\libc_nano.a(lib_a-errno.o)
                0x0000000008003c6c                __errno
 .text.__libc_init_array
                0x0000000008003c78       0x48 d:/lear/k221/mcu/stm_ide/stm32cubeide_1.10.1/stm32cubeide/plugins/com.st.stm32cube.ide.mcu.externaltools.gnu-tools-for-stm32.10.3-2021.10.win32_1.0.0.202111181127/tools/bin/../lib/gcc/arm-none-eabi/10.3.1/../../../../arm-none-eabi/lib/thumb/v7-m/nofp\libc_nano.a(lib_a-init.o)
                0x0000000008003c78                __libc_init_array
 .text.memset   0x0000000008003cc0       0x10 d:/lear/k221/mcu/stm_ide/stm32cubeide_1.10.1/stm32cubeide/plugins/com.st.stm32cube.ide.mcu.externaltools.gnu-tools-for-stm32.10.3-2021.10.win32_1.0.0.202111181127/tools/bin/../lib/gcc/arm-none-eabi/10.3.1/../../../../arm-none-eabi/lib/thumb/v7-m/nofp\libc_nano.a(lib_a-memset.o)
                0x0000000008003cc0                memset
 .text.sprintf  0x0000000008003cd0       0x40 d:/lear/k221/mcu/stm_ide/stm32cubeide_1.10.1/stm32cubeide/plugins/com.st.stm32cube.ide.mcu.externaltools.gnu-tools-for-stm32.10.3-2021.10.win32_1.0.0.202111181127/tools/bin/../lib/gcc/arm-none-eabi/10.3.1/../../../../arm-none-eabi/lib/thumb/v7-m/nofp\libc_nano.a(lib_a-sprintf.o)
                0x0000000008003cd0                siprintf
                0x0000000008003cd0                sprintf
 .text.__ssputs_r
                0x0000000008003d10       0xb6 d:/lear/k221/mcu/stm_ide/stm32cubeide_1.10.1/stm32cubeide/plugins/com.st.stm32cube.ide.mcu.externaltools.gnu-tools-for-stm32.10.3-2021.10.win32_1.0.0.202111181127/tools/bin/../lib/gcc/arm-none-eabi/10.3.1/../../../../arm-none-eabi/lib/thumb/v7-m/nofp\libc_nano.a(lib_a-nano-svfprintf.o)
                0x0000000008003d10                __ssputs_r
 *fill*         0x0000000008003dc6        0x2 
 .text._svfprintf_r
                0x0000000008003dc8      0x200 d:/lear/k221/mcu/stm_ide/stm32cubeide_1.10.1/stm32cubeide/plugins/com.st.stm32cube.ide.mcu.externaltools.gnu-tools-for-stm32.10.3-2021.10.win32_1.0.0.202111181127/tools/bin/../lib/gcc/arm-none-eabi/10.3.1/../../../../arm-none-eabi/lib/thumb/v7-m/nofp\libc_nano.a(lib_a-nano-svfprintf.o)
                0x0000000008003dc8                _svfiprintf_r
                0x0000000008003dc8                _svfprintf_r
 .text._printf_common
                0x0000000008003fc8       0xde d:/lear/k221/mcu/stm_ide/stm32cubeide_1.10.1/stm32cubeide/plugins/com.st.stm32cube.ide.mcu.externaltools.gnu-tools-for-stm32.10.3-2021.10.win32_1.0.0.202111181127/tools/bin/../lib/gcc/arm-none-eabi/10.3.1/../../../../arm-none-eabi/lib/thumb/v7-m/nofp\libc_nano.a(lib_a-nano-vfprintf_i.o)
                0x0000000008003fc8                _printf_common
 *fill*         0x00000000080040a6        0x2 
 .text._printf_i
                0x00000000080040a8      0x24c d:/lear/k221/mcu/stm_ide/stm32cubeide_1.10.1/stm32cubeide/plugins/com.st.stm32cube.ide.mcu.externaltools.gnu-tools-for-stm32.10.3-2021.10.win32_1.0.0.202111181127/tools/bin/../lib/gcc/arm-none-eabi/10.3.1/../../../../arm-none-eabi/lib/thumb/v7-m/nofp\libc_nano.a(lib_a-nano-vfprintf_i.o)
                0x00000000080040a8                _printf_i
 .text.memchr   0x00000000080042f4       0x1c d:/lear/k221/mcu/stm_ide/stm32cubeide_1.10.1/stm32cubeide/plugins/com.st.stm32cube.ide.mcu.externaltools.gnu-tools-for-stm32.10.3-2021.10.win32_1.0.0.202111181127/tools/bin/../lib/gcc/arm-none-eabi/10.3.1/../../../../arm-none-eabi/lib/thumb/v7-m/nofp\libc_nano.a(lib_a-memchr-stub.o)
                0x00000000080042f4                memchr
 .text.memcpy   0x0000000008004310       0x1c d:/lear/k221/mcu/stm_ide/stm32cubeide_1.10.1/stm32cubeide/plugins/com.st.stm32cube.ide.mcu.externaltools.gnu-tools-for-stm32.10.3-2021.10.win32_1.0.0.202111181127/tools/bin/../lib/gcc/arm-none-eabi/10.3.1/../../../../arm-none-eabi/lib/thumb/v7-m/nofp\libc_nano.a(lib_a-memcpy-stub.o)
                0x0000000008004310                memcpy
 .text.memmove  0x000000000800432c       0x34 d:/lear/k221/mcu/stm_ide/stm32cubeide_1.10.1/stm32cubeide/plugins/com.st.stm32cube.ide.mcu.externaltools.gnu-tools-for-stm32.10.3-2021.10.win32_1.0.0.202111181127/tools/bin/../lib/gcc/arm-none-eabi/10.3.1/../../../../arm-none-eabi/lib/thumb/v7-m/nofp\libc_nano.a(lib_a-memmove.o)
                0x000000000800432c                memmove
 .text._free_r  0x0000000008004360       0x90 d:/lear/k221/mcu/stm_ide/stm32cubeide_1.10.1/stm32cubeide/plugins/com.st.stm32cube.ide.mcu.externaltools.gnu-tools-for-stm32.10.3-2021.10.win32_1.0.0.202111181127/tools/bin/../lib/gcc/arm-none-eabi/10.3.1/../../../../arm-none-eabi/lib/thumb/v7-m/nofp\libc_nano.a(lib_a-nano-freer.o)
                0x0000000008004360                _free_r
 .text.sbrk_aligned
                0x00000000080043f0       0x40 d:/lear/k221/mcu/stm_ide/stm32cubeide_1.10.1/stm32cubeide/plugins/com.st.stm32cube.ide.mcu.externaltools.gnu-tools-for-stm32.10.3-2021.10.win32_1.0.0.202111181127/tools/bin/../lib/gcc/arm-none-eabi/10.3.1/../../../../arm-none-eabi/lib/thumb/v7-m/nofp\libc_nano.a(lib_a-nano-mallocr.o)
 .text._malloc_r
                0x0000000008004430       0xe8 d:/lear/k221/mcu/stm_ide/stm32cubeide_1.10.1/stm32cubeide/plugins/com.st.stm32cube.ide.mcu.externaltools.gnu-tools-for-stm32.10.3-2021.10.win32_1.0.0.202111181127/tools/bin/../lib/gcc/arm-none-eabi/10.3.1/../../../../arm-none-eabi/lib/thumb/v7-m/nofp\libc_nano.a(lib_a-nano-mallocr.o)
                0x0000000008004430                _malloc_r
 .text._realloc_r
                0x0000000008004518       0x5e d:/lear/k221/mcu/stm_ide/stm32cubeide_1.10.1/stm32cubeide/plugins/com.st.stm32cube.ide.mcu.externaltools.gnu-tools-for-stm32.10.3-2021.10.win32_1.0.0.202111181127/tools/bin/../lib/gcc/arm-none-eabi/10.3.1/../../../../arm-none-eabi/lib/thumb/v7-m/nofp\libc_nano.a(lib_a-nano-reallocr.o)
                0x0000000008004518                _realloc_r
 *fill*         0x0000000008004576        0x2 
 .text._sbrk_r  0x0000000008004578       0x20 d:/lear/k221/mcu/stm_ide/stm32cubeide_1.10.1/stm32cubeide/plugins/com.st.stm32cube.ide.mcu.externaltools.gnu-tools-for-stm32.10.3-2021.10.win32_1.0.0.202111181127/tools/bin/../lib/gcc/arm-none-eabi/10.3.1/../../../../arm-none-eabi/lib/thumb/v7-m/nofp\libc_nano.a(lib_a-sbrkr.o)
                0x0000000008004578                _sbrk_r
 .text.__malloc_lock
                0x0000000008004598        0xc d:/lear/k221/mcu/stm_ide/stm32cubeide_1.10.1/stm32cubeide/plugins/com.st.stm32cube.ide.mcu.externaltools.gnu-tools-for-stm32.10.3-2021.10.win32_1.0.0.202111181127/tools/bin/../lib/gcc/arm-none-eabi/10.3.1/../../../../arm-none-eabi/lib/thumb/v7-m/nofp\libc_nano.a(lib_a-mlock.o)
                0x0000000008004598                __malloc_lock
 .text.__malloc_unlock
                0x00000000080045a4        0xc d:/lear/k221/mcu/stm_ide/stm32cubeide_1.10.1/stm32cubeide/plugins/com.st.stm32cube.ide.mcu.externaltools.gnu-tools-for-stm32.10.3-2021.10.win32_1.0.0.202111181127/tools/bin/../lib/gcc/arm-none-eabi/10.3.1/../../../../arm-none-eabi/lib/thumb/v7-m/nofp\libc_nano.a(lib_a-mlock.o)
                0x00000000080045a4                __malloc_unlock
 .text._malloc_usable_size_r
                0x00000000080045b0       0x10 d:/lear/k221/mcu/stm_ide/stm32cubeide_1.10.1/stm32cubeide/plugins/com.st.stm32cube.ide.mcu.externaltools.gnu-tools-for-stm32.10.3-2021.10.win32_1.0.0.202111181127/tools/bin/../lib/gcc/arm-none-eabi/10.3.1/../../../../arm-none-eabi/lib/thumb/v7-m/nofp\libc_nano.a(lib_a-nano-msizer.o)
                0x00000000080045b0                _malloc_usable_size_r
 .text.__retarget_lock_acquire_recursive
                0x00000000080045c0        0x2 d:/lear/k221/mcu/stm_ide/stm32cubeide_1.10.1/stm32cubeide/plugins/com.st.stm32cube.ide.mcu.externaltools.gnu-tools-for-stm32.10.3-2021.10.win32_1.0.0.202111181127/tools/bin/../lib/gcc/arm-none-eabi/10.3.1/../../../../arm-none-eabi/lib/thumb/v7-m/nofp\libc_nano.a(lib_a-lock.o)
                0x00000000080045c0                __retarget_lock_acquire_recursive
 .text.__retarget_lock_release_recursive
                0x00000000080045c2        0x2 d:/lear/k221/mcu/stm_ide/stm32cubeide_1.10.1/stm32cubeide/plugins/com.st.stm32cube.ide.mcu.externaltools.gnu-tools-for-stm32.10.3-2021.10.win32_1.0.0.202111181127/tools/bin/../lib/gcc/arm-none-eabi/10.3.1/../../../../arm-none-eabi/lib/thumb/v7-m/nofp\libc_nano.a(lib_a-lock.o)
                0x00000000080045c2                __retarget_lock_release_recursive
 *(.glue_7)
 .glue_7        0x00000000080045c4        0x0 linker stubs
 *(.glue_7t)
 .glue_7t       0x00000000080045c4        0x0 linker stubs
 *(.eh_frame)
 .eh_frame      0x00000000080045c4        0x0 d:/lear/k221/mcu/stm_ide/stm32cubeide_1.10.1/stm32cubeide/plugins/com.st.stm32cube.ide.mcu.externaltools.gnu-tools-for-stm32.10.3-2021.10.win32_1.0.0.202111181127/tools/bin/../lib/gcc/arm-none-eabi/10.3.1/thumb/v7-m/nofp/crtbegin.o
 *(.init)
 .init          0x00000000080045c4        0x4 d:/lear/k221/mcu/stm_ide/stm32cubeide_1.10.1/stm32cubeide/plugins/com.st.stm32cube.ide.mcu.externaltools.gnu-tools-for-stm32.10.3-2021.10.win32_1.0.0.202111181127/tools/bin/../lib/gcc/arm-none-eabi/10.3.1/thumb/v7-m/nofp/crti.o
                0x00000000080045c4                _init
 .init          0x00000000080045c8        0x8 d:/lear/k221/mcu/stm_ide/stm32cubeide_1.10.1/stm32cubeide/plugins/com.st.stm32cube.ide.mcu.externaltools.gnu-tools-for-stm32.10.3-2021.10.win32_1.0.0.202111181127/tools/bin/../lib/gcc/arm-none-eabi/10.3.1/thumb/v7-m/nofp/crtn.o
 *(.fini)
 .fini          0x00000000080045d0        0x4 d:/lear/k221/mcu/stm_ide/stm32cubeide_1.10.1/stm32cubeide/plugins/com.st.stm32cube.ide.mcu.externaltools.gnu-tools-for-stm32.10.3-2021.10.win32_1.0.0.202111181127/tools/bin/../lib/gcc/arm-none-eabi/10.3.1/thumb/v7-m/nofp/crti.o
                0x00000000080045d0                _fini
 .fini          0x00000000080045d4        0x8 d:/lear/k221/mcu/stm_ide/stm32cubeide_1.10.1/stm32cubeide/plugins/com.st.stm32cube.ide.mcu.externaltools.gnu-tools-for-stm32.10.3-2021.10.win32_1.0.0.202111181127/tools/bin/../lib/gcc/arm-none-eabi/10.3.1/thumb/v7-m/nofp/crtn.o
                0x00000000080045dc                . = ALIGN (0x4)
                0x00000000080045dc                _etext = .

.vfp11_veneer   0x00000000080045dc        0x0
 .vfp11_veneer  0x00000000080045dc        0x0 linker stubs

.v4_bx          0x00000000080045dc        0x0
 .v4_bx         0x00000000080045dc        0x0 linker stubs

.iplt           0x00000000080045dc        0x0
 .iplt          0x00000000080045dc        0x0 d:/lear/k221/mcu/stm_ide/stm32cubeide_1.10.1/stm32cubeide/plugins/com.st.stm32cube.ide.mcu.externaltools.gnu-tools-for-stm32.10.3-2021.10.win32_1.0.0.202111181127/tools/bin/../lib/gcc/arm-none-eabi/10.3.1/thumb/v7-m/nofp/crtbegin.o

.rodata         0x00000000080045dc      0x104
                0x00000000080045dc                . = ALIGN (0x4)
 *(.rodata)
 .rodata        0x00000000080045dc       0x17 ./Core/Src/button.o
 *fill*         0x00000000080045f3        0x1 
 .rodata        0x00000000080045f4        0x5 ./Core/Src/main.o
 *fill*         0x00000000080045f9        0x3 
 .rodata        0x00000000080045fc       0x2e ./Core/Src/pedestrian.o
 *fill*         0x000000000800462a        0x2 
 .rodata        0x000000000800462c       0x55 ./Core/Src/task.o
 *fill*         0x0000000008004681        0x3 
 .rodata        0x0000000008004684       0x10 ./Drivers/STM32F1xx_HAL_Driver/Src/stm32f1xx_hal_rcc.o
 *(.rodata*)
 .rodata.AHBPrescTable
                0x0000000008004694       0x10 ./Core/Src/system_stm32f1xx.o
                0x0000000008004694                AHBPrescTable
 .rodata.APBPrescTable
                0x00000000080046a4        0x8 ./Core/Src/system_stm32f1xx.o
                0x00000000080046a4                APBPrescTable
 .rodata._svfprintf_r.str1.1
                0x00000000080046ac       0x11 d:/lear/k221/mcu/stm_ide/stm32cubeide_1.10.1/stm32cubeide/plugins/com.st.stm32cube.ide.mcu.externaltools.gnu-tools-for-stm32.10.3-2021.10.win32_1.0.0.202111181127/tools/bin/../lib/gcc/arm-none-eabi/10.3.1/../../../../arm-none-eabi/lib/thumb/v7-m/nofp\libc_nano.a(lib_a-nano-svfprintf.o)
 .rodata._printf_i.str1.1
                0x00000000080046bd       0x22 d:/lear/k221/mcu/stm_ide/stm32cubeide_1.10.1/stm32cubeide/plugins/com.st.stm32cube.ide.mcu.externaltools.gnu-tools-for-stm32.10.3-2021.10.win32_1.0.0.202111181127/tools/bin/../lib/gcc/arm-none-eabi/10.3.1/../../../../arm-none-eabi/lib/thumb/v7-m/nofp\libc_nano.a(lib_a-nano-vfprintf_i.o)
                0x00000000080046e0                . = ALIGN (0x4)
 *fill*         0x00000000080046df        0x1 

.rel.dyn        0x00000000080046e0        0x0
 .rel.iplt      0x00000000080046e0        0x0 d:/lear/k221/mcu/stm_ide/stm32cubeide_1.10.1/stm32cubeide/plugins/com.st.stm32cube.ide.mcu.externaltools.gnu-tools-for-stm32.10.3-2021.10.win32_1.0.0.202111181127/tools/bin/../lib/gcc/arm-none-eabi/10.3.1/thumb/v7-m/nofp/crtbegin.o

.ARM.extab      0x00000000080046e0        0x0
                0x00000000080046e0                . = ALIGN (0x4)
 *(.ARM.extab* .gnu.linkonce.armextab.*)
                0x00000000080046e0                . = ALIGN (0x4)

.ARM            0x00000000080046e0        0x0
                0x00000000080046e0                . = ALIGN (0x4)
                0x00000000080046e0                __exidx_start = .
 *(.ARM.exidx*)
                0x00000000080046e0                __exidx_end = .
                0x00000000080046e0                . = ALIGN (0x4)

.preinit_array  0x00000000080046e0        0x0
                0x00000000080046e0                . = ALIGN (0x4)
                0x00000000080046e0                PROVIDE (__preinit_array_start = .)
 *(.preinit_array*)
                0x00000000080046e0                PROVIDE (__preinit_array_end = .)
                0x00000000080046e0                . = ALIGN (0x4)

.init_array     0x00000000080046e0        0x4
                0x00000000080046e0                . = ALIGN (0x4)
                0x00000000080046e0                PROVIDE (__init_array_start = .)
 *(SORT_BY_NAME(.init_array.*))
 *(.init_array*)
 .init_array    0x00000000080046e0        0x4 d:/lear/k221/mcu/stm_ide/stm32cubeide_1.10.1/stm32cubeide/plugins/com.st.stm32cube.ide.mcu.externaltools.gnu-tools-for-stm32.10.3-2021.10.win32_1.0.0.202111181127/tools/bin/../lib/gcc/arm-none-eabi/10.3.1/thumb/v7-m/nofp/crtbegin.o
                0x00000000080046e4                PROVIDE (__init_array_end = .)
                0x00000000080046e4                . = ALIGN (0x4)

.fini_array     0x00000000080046e4        0x4
                0x00000000080046e4                . = ALIGN (0x4)
                [!provide]                        PROVIDE (__fini_array_start = .)
 *(SORT_BY_NAME(.fini_array.*))
 *(.fini_array*)
 .fini_array    0x00000000080046e4        0x4 d:/lear/k221/mcu/stm_ide/stm32cubeide_1.10.1/stm32cubeide/plugins/com.st.stm32cube.ide.mcu.externaltools.gnu-tools-for-stm32.10.3-2021.10.win32_1.0.0.202111181127/tools/bin/../lib/gcc/arm-none-eabi/10.3.1/thumb/v7-m/nofp/crtbegin.o
                [!provide]                        PROVIDE (__fini_array_end = .)
                0x00000000080046e8                . = ALIGN (0x4)
                0x00000000080046e8                _sidata = LOADADDR (.data)

.data           0x0000000020000000       0x90 load address 0x00000000080046e8
                0x0000000020000000                . = ALIGN (0x4)
                0x0000000020000000                _sdata = .
 *(.data)
 *(.data*)
 .data.pivot    0x0000000020000000       0x10 ./Core/Src/main.o
                0x0000000020000000                pivot
 .data.timeRed  0x0000000020000010        0x4 ./Core/Src/main.o
                0x0000000020000010                timeRed
 .data.timeYellow
                0x0000000020000014        0x4 ./Core/Src/main.o
                0x0000000020000014                timeYellow
 .data.timeGreen
                0x0000000020000018        0x4 ./Core/Src/main.o
                0x0000000020000018                timeGreen
 .data.currentTick
                0x000000002000001c        0x4 ./Core/Src/main.o
                0x000000002000001c                currentTick
 .data.SystemCoreClock
                0x0000000020000020        0x4 ./Core/Src/system_stm32f1xx.o
                0x0000000020000020                SystemCoreClock
 .data.uwTickPrio
                0x0000000020000024        0x4 ./Drivers/STM32F1xx_HAL_Driver/Src/stm32f1xx_hal.o
                0x0000000020000024                uwTickPrio
 .data.uwTickFreq
                0x0000000020000028        0x1 ./Drivers/STM32F1xx_HAL_Driver/Src/stm32f1xx_hal.o
                0x0000000020000028                uwTickFreq
 *fill*         0x0000000020000029        0x3 
 .data._impure_ptr
                0x000000002000002c        0x4 d:/lear/k221/mcu/stm_ide/stm32cubeide_1.10.1/stm32cubeide/plugins/com.st.stm32cube.ide.mcu.externaltools.gnu-tools-for-stm32.10.3-2021.10.win32_1.0.0.202111181127/tools/bin/../lib/gcc/arm-none-eabi/10.3.1/../../../../arm-none-eabi/lib/thumb/v7-m/nofp\libc_nano.a(lib_a-impure.o)
                0x000000002000002c                _impure_ptr
 .data.impure_data
                0x0000000020000030       0x60 d:/lear/k221/mcu/stm_ide/stm32cubeide_1.10.1/stm32cubeide/plugins/com.st.stm32cube.ide.mcu.externaltools.gnu-tools-for-stm32.10.3-2021.10.win32_1.0.0.202111181127/tools/bin/../lib/gcc/arm-none-eabi/10.3.1/../../../../arm-none-eabi/lib/thumb/v7-m/nofp\libc_nano.a(lib_a-impure.o)
 *(.RamFunc)
 *(.RamFunc*)
                0x0000000020000090                . = ALIGN (0x4)
                0x0000000020000090                _edata = .

.igot.plt       0x0000000020000090        0x0 load address 0x0000000008004778
 .igot.plt      0x0000000020000090        0x0 d:/lear/k221/mcu/stm_ide/stm32cubeide_1.10.1/stm32cubeide/plugins/com.st.stm32cube.ide.mcu.externaltools.gnu-tools-for-stm32.10.3-2021.10.win32_1.0.0.202111181127/tools/bin/../lib/gcc/arm-none-eabi/10.3.1/thumb/v7-m/nofp/crtbegin.o
                0x0000000020000090                . = ALIGN (0x4)

.bss            0x0000000020000090      0x45c load address 0x0000000008004778
                0x0000000020000090                _sbss = .
                0x0000000020000090                __bss_start__ = _sbss
 *(.bss)
 .bss           0x0000000020000090       0x1c d:/lear/k221/mcu/stm_ide/stm32cubeide_1.10.1/stm32cubeide/plugins/com.st.stm32cube.ide.mcu.externaltools.gnu-tools-for-stm32.10.3-2021.10.win32_1.0.0.202111181127/tools/bin/../lib/gcc/arm-none-eabi/10.3.1/thumb/v7-m/nofp/crtbegin.o
 *(.bss*)
 .bss.keyReg0   0x00000000200000ac       0x14 ./Core/Src/button.o
                0x00000000200000ac                keyReg0
 .bss.keyReg1   0x00000000200000c0       0x14 ./Core/Src/button.o
                0x00000000200000c0                keyReg1
 .bss.keyReg2   0x00000000200000d4       0x14 ./Core/Src/button.o
                0x00000000200000d4                keyReg2
 .bss.keyReg3   0x00000000200000e8       0x14 ./Core/Src/button.o
                0x00000000200000e8                keyReg3
 .bss.currentMode
                0x00000000200000fc        0x4 ./Core/Src/main.o
                0x00000000200000fc                currentMode
 .bss.state     0x0000000020000100        0x4 ./Core/Src/main.o
                0x0000000020000100                state
 .bss.tempDuration
                0x0000000020000104        0x4 ./Core/Src/main.o
                0x0000000020000104                tempDuration
 .bss.pedestrianFlag
                0x0000000020000108        0x4 ./Core/Src/main.o
                0x0000000020000108                pedestrianFlag
 .bss.msg       0x000000002000010c       0x14 ./Core/Src/main.o
                0x000000002000010c                msg
 .bss.htim2     0x0000000020000120       0x48 ./Core/Src/main.o
                0x0000000020000120                htim2
 .bss.htim3     0x0000000020000168       0x48 ./Core/Src/main.o
                0x0000000020000168                htim3
 .bss.huart2    0x00000000200001b0       0x44 ./Core/Src/main.o
                0x00000000200001b0                huart2
 .bss.PWM       0x00000000200001f4        0x4 ./Core/Src/pedestrian.o
                0x00000000200001f4                PWM
 .bss.SCH_tasks_G
                0x00000000200001f8      0x280 ./Core/Src/scheduler.o
                0x00000000200001f8                SCH_tasks_G
 .bss.currentID
                0x0000000020000478        0x1 ./Core/Src/scheduler.o
                0x0000000020000478                currentID
 *fill*         0x0000000020000479        0x3 
 .bss.timer0Flag
                0x000000002000047c        0x4 ./Core/Src/software_timer.o
                0x000000002000047c                timer0Flag
 .bss.timer0Counter
                0x0000000020000480        0x4 ./Core/Src/software_timer.o
                0x0000000020000480                timer0Counter
 .bss.timer1Flag
                0x0000000020000484        0x4 ./Core/Src/software_timer.o
                0x0000000020000484                timer1Flag
 .bss.timer1Counter
                0x0000000020000488        0x4 ./Core/Src/software_timer.o
                0x0000000020000488                timer1Counter
 .bss.htim1     0x000000002000048c       0x48 ./Core/Src/stm32f1xx_hal_timebase_tim.o
                0x000000002000048c                htim1
 .bss.__sbrk_heap_end
                0x00000000200004d4        0x4 ./Core/Src/sysmem.o
 .bss.uwTick    0x00000000200004d8        0x4 ./Drivers/STM32F1xx_HAL_Driver/Src/stm32f1xx_hal.o
                0x00000000200004d8                uwTick
 .bss.__malloc_free_list
                0x00000000200004dc        0x4 d:/lear/k221/mcu/stm_ide/stm32cubeide_1.10.1/stm32cubeide/plugins/com.st.stm32cube.ide.mcu.externaltools.gnu-tools-for-stm32.10.3-2021.10.win32_1.0.0.202111181127/tools/bin/../lib/gcc/arm-none-eabi/10.3.1/../../../../arm-none-eabi/lib/thumb/v7-m/nofp\libc_nano.a(lib_a-nano-mallocr.o)
                0x00000000200004dc                __malloc_free_list
 .bss.__malloc_sbrk_start
                0x00000000200004e0        0x4 d:/lear/k221/mcu/stm_ide/stm32cubeide_1.10.1/stm32cubeide/plugins/com.st.stm32cube.ide.mcu.externaltools.gnu-tools-for-stm32.10.3-2021.10.win32_1.0.0.202111181127/tools/bin/../lib/gcc/arm-none-eabi/10.3.1/../../../../arm-none-eabi/lib/thumb/v7-m/nofp\libc_nano.a(lib_a-nano-mallocr.o)
                0x00000000200004e0                __malloc_sbrk_start
 .bss.errno     0x00000000200004e4        0x4 d:/lear/k221/mcu/stm_ide/stm32cubeide_1.10.1/stm32cubeide/plugins/com.st.stm32cube.ide.mcu.externaltools.gnu-tools-for-stm32.10.3-2021.10.win32_1.0.0.202111181127/tools/bin/../lib/gcc/arm-none-eabi/10.3.1/../../../../arm-none-eabi/lib/thumb/v7-m/nofp\libc_nano.a(lib_a-reent.o)
                0x00000000200004e4                errno
 .bss.__lock___malloc_recursive_mutex
                0x00000000200004e8        0x1 d:/lear/k221/mcu/stm_ide/stm32cubeide_1.10.1/stm32cubeide/plugins/com.st.stm32cube.ide.mcu.externaltools.gnu-tools-for-stm32.10.3-2021.10.win32_1.0.0.202111181127/tools/bin/../lib/gcc/arm-none-eabi/10.3.1/../../../../arm-none-eabi/lib/thumb/v7-m/nofp\libc_nano.a(lib_a-lock.o)
                0x00000000200004e8                __lock___malloc_recursive_mutex
 *(COMMON)
                0x00000000200004ec                . = ALIGN (0x4)
 *fill*         0x00000000200004e9        0x3 
                0x00000000200004ec                _ebss = .
                0x00000000200004ec                __bss_end__ = _ebss

._user_heap_stack
                0x00000000200004ec      0x604 load address 0x0000000008004778
                0x00000000200004f0                . = ALIGN (0x8)
 *fill*         0x00000000200004ec        0x4 
                [!provide]                        PROVIDE (end = .)
                0x00000000200004f0                PROVIDE (_end = .)
                0x00000000200006f0                . = (. + _Min_Heap_Size)
 *fill*         0x00000000200004f0      0x200 
                0x0000000020000af0                . = (. + _Min_Stack_Size)
 *fill*         0x00000000200006f0      0x400 
                0x0000000020000af0                . = ALIGN (0x8)

/DISCARD/
 libc.a(*)
 libm.a(*)
 libgcc.a(*)

.ARM.attributes
                0x0000000000000000       0x29
 *(.ARM.attributes)
 .ARM.attributes
                0x0000000000000000       0x1d d:/lear/k221/mcu/stm_ide/stm32cubeide_1.10.1/stm32cubeide/plugins/com.st.stm32cube.ide.mcu.externaltools.gnu-tools-for-stm32.10.3-2021.10.win32_1.0.0.202111181127/tools/bin/../lib/gcc/arm-none-eabi/10.3.1/thumb/v7-m/nofp/crti.o
 .ARM.attributes
                0x000000000000001d       0x2d d:/lear/k221/mcu/stm_ide/stm32cubeide_1.10.1/stm32cubeide/plugins/com.st.stm32cube.ide.mcu.externaltools.gnu-tools-for-stm32.10.3-2021.10.win32_1.0.0.202111181127/tools/bin/../lib/gcc/arm-none-eabi/10.3.1/thumb/v7-m/nofp/crtbegin.o
 .ARM.attributes
                0x000000000000004a       0x2d ./Core/Src/button.o
 .ARM.attributes
                0x0000000000000077       0x2d ./Core/Src/main.o
 .ARM.attributes
                0x00000000000000a4       0x2d ./Core/Src/pedestrian.o
 .ARM.attributes
                0x00000000000000d1       0x2d ./Core/Src/scheduler.o
 .ARM.attributes
                0x00000000000000fe       0x2d ./Core/Src/software_timer.o
 .ARM.attributes
                0x000000000000012b       0x2d ./Core/Src/stm32f1xx_hal_msp.o
 .ARM.attributes
                0x0000000000000158       0x2d ./Core/Src/stm32f1xx_hal_timebase_tim.o
 .ARM.attributes
                0x0000000000000185       0x2d ./Core/Src/stm32f1xx_it.o
 .ARM.attributes
                0x00000000000001b2       0x2d ./Core/Src/sysmem.o
 .ARM.attributes
                0x00000000000001df       0x2d ./Core/Src/system_stm32f1xx.o
 .ARM.attributes
                0x000000000000020c       0x2d ./Core/Src/task.o
 .ARM.attributes
                0x0000000000000239       0x21 ./Core/Startup/startup_stm32f103c6tx.o
 .ARM.attributes
                0x000000000000025a       0x2d ./Drivers/STM32F1xx_HAL_Driver/Src/stm32f1xx_hal.o
 .ARM.attributes
                0x0000000000000287       0x2d ./Drivers/STM32F1xx_HAL_Driver/Src/stm32f1xx_hal_cortex.o
 .ARM.attributes
                0x00000000000002b4       0x2d ./Drivers/STM32F1xx_HAL_Driver/Src/stm32f1xx_hal_dma.o
 .ARM.attributes
                0x00000000000002e1       0x2d ./Drivers/STM32F1xx_HAL_Driver/Src/stm32f1xx_hal_gpio.o
 .ARM.attributes
                0x000000000000030e       0x2d ./Drivers/STM32F1xx_HAL_Driver/Src/stm32f1xx_hal_rcc.o
 .ARM.attributes
                0x000000000000033b       0x2d ./Drivers/STM32F1xx_HAL_Driver/Src/stm32f1xx_hal_tim.o
 .ARM.attributes
                0x0000000000000368       0x2d ./Drivers/STM32F1xx_HAL_Driver/Src/stm32f1xx_hal_tim_ex.o
 .ARM.attributes
                0x0000000000000395       0x2d ./Drivers/STM32F1xx_HAL_Driver/Src/stm32f1xx_hal_uart.o
 .ARM.attributes
                0x00000000000003c2       0x2d d:/lear/k221/mcu/stm_ide/stm32cubeide_1.10.1/stm32cubeide/plugins/com.st.stm32cube.ide.mcu.externaltools.gnu-tools-for-stm32.10.3-2021.10.win32_1.0.0.202111181127/tools/bin/../lib/gcc/arm-none-eabi/10.3.1/../../../../arm-none-eabi/lib/thumb/v7-m/nofp\libc_nano.a(lib_a-errno.o)
 .ARM.attributes
                0x00000000000003ef       0x2d d:/lear/k221/mcu/stm_ide/stm32cubeide_1.10.1/stm32cubeide/plugins/com.st.stm32cube.ide.mcu.externaltools.gnu-tools-for-stm32.10.3-2021.10.win32_1.0.0.202111181127/tools/bin/../lib/gcc/arm-none-eabi/10.3.1/../../../../arm-none-eabi/lib/thumb/v7-m/nofp\libc_nano.a(lib_a-impure.o)
 .ARM.attributes
                0x000000000000041c       0x2d d:/lear/k221/mcu/stm_ide/stm32cubeide_1.10.1/stm32cubeide/plugins/com.st.stm32cube.ide.mcu.externaltools.gnu-tools-for-stm32.10.3-2021.10.win32_1.0.0.202111181127/tools/bin/../lib/gcc/arm-none-eabi/10.3.1/../../../../arm-none-eabi/lib/thumb/v7-m/nofp\libc_nano.a(lib_a-init.o)
 .ARM.attributes
                0x0000000000000449       0x2d d:/lear/k221/mcu/stm_ide/stm32cubeide_1.10.1/stm32cubeide/plugins/com.st.stm32cube.ide.mcu.externaltools.gnu-tools-for-stm32.10.3-2021.10.win32_1.0.0.202111181127/tools/bin/../lib/gcc/arm-none-eabi/10.3.1/../../../../arm-none-eabi/lib/thumb/v7-m/nofp\libc_nano.a(lib_a-memset.o)
 .ARM.attributes
                0x0000000000000476       0x2d d:/lear/k221/mcu/stm_ide/stm32cubeide_1.10.1/stm32cubeide/plugins/com.st.stm32cube.ide.mcu.externaltools.gnu-tools-for-stm32.10.3-2021.10.win32_1.0.0.202111181127/tools/bin/../lib/gcc/arm-none-eabi/10.3.1/../../../../arm-none-eabi/lib/thumb/v7-m/nofp\libc_nano.a(lib_a-sprintf.o)
 .ARM.attributes
                0x00000000000004a3       0x2d d:/lear/k221/mcu/stm_ide/stm32cubeide_1.10.1/stm32cubeide/plugins/com.st.stm32cube.ide.mcu.externaltools.gnu-tools-for-stm32.10.3-2021.10.win32_1.0.0.202111181127/tools/bin/../lib/gcc/arm-none-eabi/10.3.1/../../../../arm-none-eabi/lib/thumb/v7-m/nofp\libc_nano.a(lib_a-nano-svfprintf.o)
 .ARM.attributes
                0x00000000000004d0       0x2d d:/lear/k221/mcu/stm_ide/stm32cubeide_1.10.1/stm32cubeide/plugins/com.st.stm32cube.ide.mcu.externaltools.gnu-tools-for-stm32.10.3-2021.10.win32_1.0.0.202111181127/tools/bin/../lib/gcc/arm-none-eabi/10.3.1/../../../../arm-none-eabi/lib/thumb/v7-m/nofp\libc_nano.a(lib_a-nano-vfprintf_i.o)
 .ARM.attributes
                0x00000000000004fd       0x2d d:/lear/k221/mcu/stm_ide/stm32cubeide_1.10.1/stm32cubeide/plugins/com.st.stm32cube.ide.mcu.externaltools.gnu-tools-for-stm32.10.3-2021.10.win32_1.0.0.202111181127/tools/bin/../lib/gcc/arm-none-eabi/10.3.1/../../../../arm-none-eabi/lib/thumb/v7-m/nofp\libc_nano.a(lib_a-memchr-stub.o)
 .ARM.attributes
                0x000000000000052a       0x2d d:/lear/k221/mcu/stm_ide/stm32cubeide_1.10.1/stm32cubeide/plugins/com.st.stm32cube.ide.mcu.externaltools.gnu-tools-for-stm32.10.3-2021.10.win32_1.0.0.202111181127/tools/bin/../lib/gcc/arm-none-eabi/10.3.1/../../../../arm-none-eabi/lib/thumb/v7-m/nofp\libc_nano.a(lib_a-memcpy-stub.o)
 .ARM.attributes
                0x0000000000000557       0x2d d:/lear/k221/mcu/stm_ide/stm32cubeide_1.10.1/stm32cubeide/plugins/com.st.stm32cube.ide.mcu.externaltools.gnu-tools-for-stm32.10.3-2021.10.win32_1.0.0.202111181127/tools/bin/../lib/gcc/arm-none-eabi/10.3.1/../../../../arm-none-eabi/lib/thumb/v7-m/nofp\libc_nano.a(lib_a-memmove.o)
 .ARM.attributes
                0x0000000000000584       0x2d d:/lear/k221/mcu/stm_ide/stm32cubeide_1.10.1/stm32cubeide/plugins/com.st.stm32cube.ide.mcu.externaltools.gnu-tools-for-stm32.10.3-2021.10.win32_1.0.0.202111181127/tools/bin/../lib/gcc/arm-none-eabi/10.3.1/../../../../arm-none-eabi/lib/thumb/v7-m/nofp\libc_nano.a(lib_a-nano-freer.o)
 .ARM.attributes
                0x00000000000005b1       0x2d d:/lear/k221/mcu/stm_ide/stm32cubeide_1.10.1/stm32cubeide/plugins/com.st.stm32cube.ide.mcu.externaltools.gnu-tools-for-stm32.10.3-2021.10.win32_1.0.0.202111181127/tools/bin/../lib/gcc/arm-none-eabi/10.3.1/../../../../arm-none-eabi/lib/thumb/v7-m/nofp\libc_nano.a(lib_a-nano-mallocr.o)
 .ARM.attributes
                0x00000000000005de       0x2d d:/lear/k221/mcu/stm_ide/stm32cubeide_1.10.1/stm32cubeide/plugins/com.st.stm32cube.ide.mcu.externaltools.gnu-tools-for-stm32.10.3-2021.10.win32_1.0.0.202111181127/tools/bin/../lib/gcc/arm-none-eabi/10.3.1/../../../../arm-none-eabi/lib/thumb/v7-m/nofp\libc_nano.a(lib_a-nano-reallocr.o)
 .ARM.attributes
                0x000000000000060b       0x2d d:/lear/k221/mcu/stm_ide/stm32cubeide_1.10.1/stm32cubeide/plugins/com.st.stm32cube.ide.mcu.externaltools.gnu-tools-for-stm32.10.3-2021.10.win32_1.0.0.202111181127/tools/bin/../lib/gcc/arm-none-eabi/10.3.1/../../../../arm-none-eabi/lib/thumb/v7-m/nofp\libc_nano.a(lib_a-sbrkr.o)
 .ARM.attributes
                0x0000000000000638       0x2d d:/lear/k221/mcu/stm_ide/stm32cubeide_1.10.1/stm32cubeide/plugins/com.st.stm32cube.ide.mcu.externaltools.gnu-tools-for-stm32.10.3-2021.10.win32_1.0.0.202111181127/tools/bin/../lib/gcc/arm-none-eabi/10.3.1/../../../../arm-none-eabi/lib/thumb/v7-m/nofp\libc_nano.a(lib_a-mlock.o)
 .ARM.attributes
                0x0000000000000665       0x2d d:/lear/k221/mcu/stm_ide/stm32cubeide_1.10.1/stm32cubeide/plugins/com.st.stm32cube.ide.mcu.externaltools.gnu-tools-for-stm32.10.3-2021.10.win32_1.0.0.202111181127/tools/bin/../lib/gcc/arm-none-eabi/10.3.1/../../../../arm-none-eabi/lib/thumb/v7-m/nofp\libc_nano.a(lib_a-nano-msizer.o)
 .ARM.attributes
                0x0000000000000692       0x2d d:/lear/k221/mcu/stm_ide/stm32cubeide_1.10.1/stm32cubeide/plugins/com.st.stm32cube.ide.mcu.externaltools.gnu-tools-for-stm32.10.3-2021.10.win32_1.0.0.202111181127/tools/bin/../lib/gcc/arm-none-eabi/10.3.1/../../../../arm-none-eabi/lib/thumb/v7-m/nofp\libc_nano.a(lib_a-reent.o)
 .ARM.attributes
                0x00000000000006bf       0x2d d:/lear/k221/mcu/stm_ide/stm32cubeide_1.10.1/stm32cubeide/plugins/com.st.stm32cube.ide.mcu.externaltools.gnu-tools-for-stm32.10.3-2021.10.win32_1.0.0.202111181127/tools/bin/../lib/gcc/arm-none-eabi/10.3.1/../../../../arm-none-eabi/lib/thumb/v7-m/nofp\libc_nano.a(lib_a-lock.o)
 .ARM.attributes
                0x00000000000006ec       0x1d d:/lear/k221/mcu/stm_ide/stm32cubeide_1.10.1/stm32cubeide/plugins/com.st.stm32cube.ide.mcu.externaltools.gnu-tools-for-stm32.10.3-2021.10.win32_1.0.0.202111181127/tools/bin/../lib/gcc/arm-none-eabi/10.3.1/thumb/v7-m/nofp/crtn.o
OUTPUT(Micro_project.elf elf32-littlearm)
LOAD linker stubs
LOAD d:/lear/k221/mcu/stm_ide/stm32cubeide_1.10.1/stm32cubeide/plugins/com.st.stm32cube.ide.mcu.externaltools.gnu-tools-for-stm32.10.3-2021.10.win32_1.0.0.202111181127/tools/bin/../lib/gcc/arm-none-eabi/10.3.1/../../../../arm-none-eabi/lib/thumb/v7-m/nofp\libc.a
LOAD d:/lear/k221/mcu/stm_ide/stm32cubeide_1.10.1/stm32cubeide/plugins/com.st.stm32cube.ide.mcu.externaltools.gnu-tools-for-stm32.10.3-2021.10.win32_1.0.0.202111181127/tools/bin/../lib/gcc/arm-none-eabi/10.3.1/../../../../arm-none-eabi/lib/thumb/v7-m/nofp\libm.a
LOAD d:/lear/k221/mcu/stm_ide/stm32cubeide_1.10.1/stm32cubeide/plugins/com.st.stm32cube.ide.mcu.externaltools.gnu-tools-for-stm32.10.3-2021.10.win32_1.0.0.202111181127/tools/bin/../lib/gcc/arm-none-eabi/10.3.1/thumb/v7-m/nofp\libgcc.a

.debug_info     0x0000000000000000     0xd2ad
 .debug_info    0x0000000000000000      0x862 ./Core/Src/button.o
 .debug_info    0x0000000000000862     0x11a4 ./Core/Src/main.o
 .debug_info    0x0000000000001a06      0xabb ./Core/Src/pedestrian.o
 .debug_info    0x00000000000024c1      0x25c ./Core/Src/scheduler.o
 .debug_info    0x000000000000271d      0x15a ./Core/Src/software_timer.o
 .debug_info    0x0000000000002877      0xdd6 ./Core/Src/stm32f1xx_hal_msp.o
 .debug_info    0x000000000000364d      0x9cb ./Core/Src/stm32f1xx_hal_timebase_tim.o
 .debug_info    0x0000000000004018      0x9c3 ./Core/Src/stm32f1xx_it.o
 .debug_info    0x00000000000049db      0x171 ./Core/Src/sysmem.o
 .debug_info    0x0000000000004b4c      0x23d ./Core/Src/system_stm32f1xx.o
 .debug_info    0x0000000000004d89      0x86d ./Core/Src/task.o
 .debug_info    0x00000000000055f6       0x22 ./Core/Startup/startup_stm32f103c6tx.o
 .debug_info    0x0000000000005618      0x716 ./Drivers/STM32F1xx_HAL_Driver/Src/stm32f1xx_hal.o
 .debug_info    0x0000000000005d2e      0xb02 ./Drivers/STM32F1xx_HAL_Driver/Src/stm32f1xx_hal_cortex.o
 .debug_info    0x0000000000006830      0x73f ./Drivers/STM32F1xx_HAL_Driver/Src/stm32f1xx_hal_dma.o
 .debug_info    0x0000000000006f6f      0x615 ./Drivers/STM32F1xx_HAL_Driver/Src/stm32f1xx_hal_gpio.o
 .debug_info    0x0000000000007584      0x860 ./Drivers/STM32F1xx_HAL_Driver/Src/stm32f1xx_hal_rcc.o
 .debug_info    0x0000000000007de4     0x29de ./Drivers/STM32F1xx_HAL_Driver/Src/stm32f1xx_hal_tim.o
 .debug_info    0x000000000000a7c2     0x1513 ./Drivers/STM32F1xx_HAL_Driver/Src/stm32f1xx_hal_tim_ex.o
 .debug_info    0x000000000000bcd5     0x15d8 ./Drivers/STM32F1xx_HAL_Driver/Src/stm32f1xx_hal_uart.o

.debug_abbrev   0x0000000000000000     0x24f3
 .debug_abbrev  0x0000000000000000      0x1ee ./Core/Src/button.o
 .debug_abbrev  0x00000000000001ee      0x345 ./Core/Src/main.o
 .debug_abbrev  0x0000000000000533      0x1d9 ./Core/Src/pedestrian.o
 .debug_abbrev  0x000000000000070c      0x172 ./Core/Src/scheduler.o
 .debug_abbrev  0x000000000000087e       0xae ./Core/Src/software_timer.o
 .debug_abbrev  0x000000000000092c      0x1c5 ./Core/Src/stm32f1xx_hal_msp.o
 .debug_abbrev  0x0000000000000af1      0x1e6 ./Core/Src/stm32f1xx_hal_timebase_tim.o
 .debug_abbrev  0x0000000000000cd7      0x171 ./Core/Src/stm32f1xx_it.o
 .debug_abbrev  0x0000000000000e48       0xbb ./Core/Src/sysmem.o
 .debug_abbrev  0x0000000000000f03      0x13b ./Core/Src/system_stm32f1xx.o
 .debug_abbrev  0x000000000000103e      0x220 ./Core/Src/task.o
 .debug_abbrev  0x000000000000125e       0x12 ./Core/Startup/startup_stm32f103c6tx.o
 .debug_abbrev  0x0000000000001270      0x1fb ./Drivers/STM32F1xx_HAL_Driver/Src/stm32f1xx_hal.o
 .debug_abbrev  0x000000000000146b      0x2ed ./Drivers/STM32F1xx_HAL_Driver/Src/stm32f1xx_hal_cortex.o
 .debug_abbrev  0x0000000000001758      0x1fe ./Drivers/STM32F1xx_HAL_Driver/Src/stm32f1xx_hal_dma.o
 .debug_abbrev  0x0000000000001956      0x1bb ./Drivers/STM32F1xx_HAL_Driver/Src/stm32f1xx_hal_gpio.o
 .debug_abbrev  0x0000000000001b11      0x2a8 ./Drivers/STM32F1xx_HAL_Driver/Src/stm32f1xx_hal_rcc.o
 .debug_abbrev  0x0000000000001db9      0x25d ./Drivers/STM32F1xx_HAL_Driver/Src/stm32f1xx_hal_tim.o
 .debug_abbrev  0x0000000000002016      0x265 ./Drivers/STM32F1xx_HAL_Driver/Src/stm32f1xx_hal_tim_ex.o
 .debug_abbrev  0x000000000000227b      0x278 ./Drivers/STM32F1xx_HAL_Driver/Src/stm32f1xx_hal_uart.o

.debug_aranges  0x0000000000000000      0xd50
 .debug_aranges
                0x0000000000000000       0x40 ./Core/Src/button.o
 .debug_aranges
                0x0000000000000040       0x58 ./Core/Src/main.o
 .debug_aranges
                0x0000000000000098       0x20 ./Core/Src/pedestrian.o
 .debug_aranges
                0x00000000000000b8       0x40 ./Core/Src/scheduler.o
 .debug_aranges
                0x00000000000000f8       0x30 ./Core/Src/software_timer.o
 .debug_aranges
                0x0000000000000128       0x48 ./Core/Src/stm32f1xx_hal_msp.o
 .debug_aranges
                0x0000000000000170       0x30 ./Core/Src/stm32f1xx_hal_timebase_tim.o
 .debug_aranges
                0x00000000000001a0       0x80 ./Core/Src/stm32f1xx_it.o
 .debug_aranges
                0x0000000000000220       0x20 ./Core/Src/sysmem.o
 .debug_aranges
                0x0000000000000240       0x28 ./Core/Src/system_stm32f1xx.o
 .debug_aranges
                0x0000000000000268       0x40 ./Core/Src/task.o
 .debug_aranges
                0x00000000000002a8       0x28 ./Core/Startup/startup_stm32f103c6tx.o
 .debug_aranges
                0x00000000000002d0       0xe0 ./Drivers/STM32F1xx_HAL_Driver/Src/stm32f1xx_hal.o
 .debug_aranges
                0x00000000000003b0      0x100 ./Drivers/STM32F1xx_HAL_Driver/Src/stm32f1xx_hal_cortex.o
 .debug_aranges
                0x00000000000004b0       0x80 ./Drivers/STM32F1xx_HAL_Driver/Src/stm32f1xx_hal_dma.o
 .debug_aranges
                0x0000000000000530       0x58 ./Drivers/STM32F1xx_HAL_Driver/Src/stm32f1xx_hal_gpio.o
 .debug_aranges
                0x0000000000000588       0x90 ./Drivers/STM32F1xx_HAL_Driver/Src/stm32f1xx_hal_rcc.o
 .debug_aranges
                0x0000000000000618      0x3d0 ./Drivers/STM32F1xx_HAL_Driver/Src/stm32f1xx_hal_tim.o
 .debug_aranges
                0x00000000000009e8      0x168 ./Drivers/STM32F1xx_HAL_Driver/Src/stm32f1xx_hal_tim_ex.o
 .debug_aranges
                0x0000000000000b50      0x200 ./Drivers/STM32F1xx_HAL_Driver/Src/stm32f1xx_hal_uart.o

.debug_ranges   0x0000000000000000      0xc48
 .debug_ranges  0x0000000000000000       0x30 ./Core/Src/button.o
 .debug_ranges  0x0000000000000030       0x48 ./Core/Src/main.o
 .debug_ranges  0x0000000000000078       0x10 ./Core/Src/pedestrian.o
 .debug_ranges  0x0000000000000088       0x30 ./Core/Src/scheduler.o
 .debug_ranges  0x00000000000000b8       0x20 ./Core/Src/software_timer.o
 .debug_ranges  0x00000000000000d8       0x38 ./Core/Src/stm32f1xx_hal_msp.o
 .debug_ranges  0x0000000000000110       0x20 ./Core/Src/stm32f1xx_hal_timebase_tim.o
 .debug_ranges  0x0000000000000130       0x70 ./Core/Src/stm32f1xx_it.o
 .debug_ranges  0x00000000000001a0       0x10 ./Core/Src/sysmem.o
 .debug_ranges  0x00000000000001b0       0x18 ./Core/Src/system_stm32f1xx.o
 .debug_ranges  0x00000000000001c8       0x30 ./Core/Src/task.o
 .debug_ranges  0x00000000000001f8       0x20 ./Core/Startup/startup_stm32f103c6tx.o
 .debug_ranges  0x0000000000000218       0xd0 ./Drivers/STM32F1xx_HAL_Driver/Src/stm32f1xx_hal.o
 .debug_ranges  0x00000000000002e8       0xf0 ./Drivers/STM32F1xx_HAL_Driver/Src/stm32f1xx_hal_cortex.o
 .debug_ranges  0x00000000000003d8       0x70 ./Drivers/STM32F1xx_HAL_Driver/Src/stm32f1xx_hal_dma.o
 .debug_ranges  0x0000000000000448       0x48 ./Drivers/STM32F1xx_HAL_Driver/Src/stm32f1xx_hal_gpio.o
 .debug_ranges  0x0000000000000490       0x80 ./Drivers/STM32F1xx_HAL_Driver/Src/stm32f1xx_hal_rcc.o
 .debug_ranges  0x0000000000000510      0x3c0 ./Drivers/STM32F1xx_HAL_Driver/Src/stm32f1xx_hal_tim.o
 .debug_ranges  0x00000000000008d0      0x158 ./Drivers/STM32F1xx_HAL_Driver/Src/stm32f1xx_hal_tim_ex.o
 .debug_ranges  0x0000000000000a28      0x220 ./Drivers/STM32F1xx_HAL_Driver/Src/stm32f1xx_hal_uart.o

.debug_macro    0x0000000000000000    0x19281
 .debug_macro   0x0000000000000000      0x38d ./Core/Src/button.o
 .debug_macro   0x000000000000038d      0xa6c ./Core/Src/button.o
 .debug_macro   0x0000000000000df9      0x21b ./Core/Src/button.o
 .debug_macro   0x0000000000001014       0x2e ./Core/Src/button.o
 .debug_macro   0x0000000000001042       0x22 ./Core/Src/button.o
 .debug_macro   0x0000000000001064       0x22 ./Core/Src/button.o
 .debug_macro   0x0000000000001086       0x8e ./Core/Src/button.o
 .debug_macro   0x0000000000001114       0x51 ./Core/Src/button.o
 .debug_macro   0x0000000000001165      0x103 ./Core/Src/button.o
 .debug_macro   0x0000000000001268       0x6a ./Core/Src/button.o
 .debug_macro   0x00000000000012d2      0x1df ./Core/Src/button.o
 .debug_macro   0x00000000000014b1       0x1c ./Core/Src/button.o
 .debug_macro   0x00000000000014cd       0x22 ./Core/Src/button.o
 .debug_macro   0x00000000000014ef       0xbd ./Core/Src/button.o
 .debug_macro   0x00000000000015ac      0xd23 ./Core/Src/button.o
 .debug_macro   0x00000000000022cf     0xde75 ./Core/Src/button.o
 .debug_macro   0x0000000000010144       0x6d ./Core/Src/button.o
 .debug_macro   0x00000000000101b1     0x3468 ./Core/Src/button.o
 .debug_macro   0x0000000000013619      0x174 ./Core/Src/button.o
 .debug_macro   0x000000000001378d       0x5c ./Core/Src/button.o
 .debug_macro   0x00000000000137e9      0x5be ./Core/Src/button.o
 .debug_macro   0x0000000000013da7      0x1b7 ./Core/Src/button.o
 .debug_macro   0x0000000000013f5e      0x1cb ./Core/Src/button.o
 .debug_macro   0x0000000000014129      0x114 ./Core/Src/button.o
 .debug_macro   0x000000000001423d      0x1b2 ./Core/Src/button.o
 .debug_macro   0x00000000000143ef       0x27 ./Core/Src/button.o
 .debug_macro   0x0000000000014416      0x12f ./Core/Src/button.o
 .debug_macro   0x0000000000014545      0x1bc ./Core/Src/button.o
 .debug_macro   0x0000000000014701       0x34 ./Core/Src/button.o
 .debug_macro   0x0000000000014735       0x3c ./Core/Src/button.o
 .debug_macro   0x0000000000014771       0x57 ./Core/Src/button.o
 .debug_macro   0x00000000000147c8       0x88 ./Core/Src/button.o
 .debug_macro   0x0000000000014850      0x183 ./Core/Src/button.o
 .debug_macro   0x00000000000149d3      0x141 ./Core/Src/button.o
 .debug_macro   0x0000000000014b14      0x8d1 ./Core/Src/button.o
 .debug_macro   0x00000000000153e5      0x279 ./Core/Src/button.o
 .debug_macro   0x000000000001565e       0x69 ./Core/Src/button.o
 .debug_macro   0x00000000000156c7       0x10 ./Core/Src/button.o
 .debug_macro   0x00000000000156d7       0x52 ./Core/Src/button.o
 .debug_macro   0x0000000000015729       0x18 ./Core/Src/button.o
 .debug_macro   0x0000000000015741       0x3c ./Core/Src/button.o
 .debug_macro   0x000000000001577d       0x34 ./Core/Src/button.o
 .debug_macro   0x00000000000157b1       0x16 ./Core/Src/button.o
 .debug_macro   0x00000000000157c7       0x35 ./Core/Src/button.o
 .debug_macro   0x00000000000157fc      0x341 ./Core/Src/button.o
 .debug_macro   0x0000000000015b3d       0x10 ./Core/Src/button.o
 .debug_macro   0x0000000000015b4d       0x16 ./Core/Src/button.o
 .debug_macro   0x0000000000015b63       0x43 ./Core/Src/button.o
 .debug_macro   0x0000000000015ba6       0x34 ./Core/Src/button.o
 .debug_macro   0x0000000000015bda       0x10 ./Core/Src/button.o
 .debug_macro   0x0000000000015bea       0x58 ./Core/Src/button.o
 .debug_macro   0x0000000000015c42       0x71 ./Core/Src/button.o
 .debug_macro   0x0000000000015cb3       0x1c ./Core/Src/button.o
 .debug_macro   0x0000000000015ccf      0x12a ./Core/Src/button.o
 .debug_macro   0x0000000000015df9       0x10 ./Core/Src/button.o
 .debug_macro   0x0000000000015e09       0x1c ./Core/Src/button.o
 .debug_macro   0x0000000000015e25       0x52 ./Core/Src/button.o
 .debug_macro   0x0000000000015e77       0x22 ./Core/Src/button.o
 .debug_macro   0x0000000000015e99       0x10 ./Core/Src/button.o
 .debug_macro   0x0000000000015ea9       0x52 ./Core/Src/button.o
 .debug_macro   0x0000000000015efb       0xd5 ./Core/Src/button.o
 .debug_macro   0x0000000000015fd0       0x1c ./Core/Src/button.o
 .debug_macro   0x0000000000015fec       0x3d ./Core/Src/button.o
 .debug_macro   0x0000000000016029       0x16 ./Core/Src/button.o
 .debug_macro   0x000000000001603f      0x145 ./Core/Src/button.o
 .debug_macro   0x0000000000016184       0x10 ./Core/Src/button.o
 .debug_macro   0x0000000000016194       0x16 ./Core/Src/button.o
 .debug_macro   0x00000000000161aa       0x20 ./Core/Src/button.o
 .debug_macro   0x00000000000161ca       0x7c ./Core/Src/button.o
 .debug_macro   0x0000000000016246       0x16 ./Core/Src/button.o
 .debug_macro   0x000000000001625c      0x389 ./Core/Src/main.o
 .debug_macro   0x00000000000165e5      0x38d ./Core/Src/pedestrian.o
 .debug_macro   0x0000000000016972      0x387 ./Core/Src/scheduler.o
 .debug_macro   0x0000000000016cf9       0x4c ./Core/Src/scheduler.o
 .debug_macro   0x0000000000016d45       0x94 ./Core/Src/scheduler.o
 .debug_macro   0x0000000000016dd9       0x57 ./Core/Src/scheduler.o
 .debug_macro   0x0000000000016e30       0x97 ./Core/Src/scheduler.o
 .debug_macro   0x0000000000016ec7       0xfd ./Core/Src/scheduler.o
 .debug_macro   0x0000000000016fc4       0x56 ./Core/Src/scheduler.o
 .debug_macro   0x000000000001701a      0x38d ./Core/Src/software_timer.o
 .debug_macro   0x00000000000173a7      0x389 ./Core/Src/stm32f1xx_hal_msp.o
 .debug_macro   0x0000000000017730      0x1a2 ./Core/Src/stm32f1xx_hal_timebase_tim.o
 .debug_macro   0x00000000000178d2      0x393 ./Core/Src/stm32f1xx_it.o
 .debug_macro   0x0000000000017c65       0xff ./Core/Src/sysmem.o
 .debug_macro   0x0000000000017d64      0x23b ./Core/Src/sysmem.o
 .debug_macro   0x0000000000017f9f      0x1a2 ./Core/Src/system_stm32f1xx.o
 .debug_macro   0x0000000000018141      0x38d ./Core/Src/task.o
 .debug_macro   0x00000000000184ce      0x1c6 ./Drivers/STM32F1xx_HAL_Driver/Src/stm32f1xx_hal.o
 .debug_macro   0x0000000000018694      0x1a2 ./Drivers/STM32F1xx_HAL_Driver/Src/stm32f1xx_hal_cortex.o
 .debug_macro   0x0000000000018836      0x1a2 ./Drivers/STM32F1xx_HAL_Driver/Src/stm32f1xx_hal_dma.o
 .debug_macro   0x00000000000189d8      0x20d ./Drivers/STM32F1xx_HAL_Driver/Src/stm32f1xx_hal_gpio.o
 .debug_macro   0x0000000000018be5      0x1b4 ./Drivers/STM32F1xx_HAL_Driver/Src/stm32f1xx_hal_rcc.o
 .debug_macro   0x0000000000018d99      0x1a3 ./Drivers/STM32F1xx_HAL_Driver/Src/stm32f1xx_hal_tim.o
 .debug_macro   0x0000000000018f3c      0x1a2 ./Drivers/STM32F1xx_HAL_Driver/Src/stm32f1xx_hal_tim_ex.o
 .debug_macro   0x00000000000190de      0x1a3 ./Drivers/STM32F1xx_HAL_Driver/Src/stm32f1xx_hal_uart.o

.debug_line     0x0000000000000000    0x10fe6
 .debug_line    0x0000000000000000      0xb85 ./Core/Src/button.o
 .debug_line    0x0000000000000b85      0xbf2 ./Core/Src/main.o
 .debug_line    0x0000000000001777      0xa5f ./Core/Src/pedestrian.o
 .debug_line    0x00000000000021d6      0xb88 ./Core/Src/scheduler.o
 .debug_line    0x0000000000002d5e      0xa83 ./Core/Src/software_timer.o
 .debug_line    0x00000000000037e1      0xb0d ./Core/Src/stm32f1xx_hal_msp.o
 .debug_line    0x00000000000042ee      0x75a ./Core/Src/stm32f1xx_hal_timebase_tim.o
 .debug_line    0x0000000000004a48      0xb4a ./Core/Src/stm32f1xx_it.o
 .debug_line    0x0000000000005592      0x640 ./Core/Src/sysmem.o
 .debug_line    0x0000000000005bd2      0x76c ./Core/Src/system_stm32f1xx.o
 .debug_line    0x000000000000633e      0xb4c ./Core/Src/task.o
 .debug_line    0x0000000000006e8a       0x87 ./Core/Startup/startup_stm32f103c6tx.o
 .debug_line    0x0000000000006f11      0x999 ./Drivers/STM32F1xx_HAL_Driver/Src/stm32f1xx_hal.o
 .debug_line    0x00000000000078aa      0xb81 ./Drivers/STM32F1xx_HAL_Driver/Src/stm32f1xx_hal_cortex.o
 .debug_line    0x000000000000842b      0xdf1 ./Drivers/STM32F1xx_HAL_Driver/Src/stm32f1xx_hal_dma.o
 .debug_line    0x000000000000921c      0xa1b ./Drivers/STM32F1xx_HAL_Driver/Src/stm32f1xx_hal_gpio.o
 .debug_line    0x0000000000009c37      0xda7 ./Drivers/STM32F1xx_HAL_Driver/Src/stm32f1xx_hal_rcc.o
 .debug_line    0x000000000000a9de     0x3305 ./Drivers/STM32F1xx_HAL_Driver/Src/stm32f1xx_hal_tim.o
 .debug_line    0x000000000000dce3     0x188f ./Drivers/STM32F1xx_HAL_Driver/Src/stm32f1xx_hal_tim_ex.o
 .debug_line    0x000000000000f572     0x1a74 ./Drivers/STM32F1xx_HAL_Driver/Src/stm32f1xx_hal_uart.o

.debug_str      0x0000000000000000    0x8884c
 .debug_str     0x0000000000000000    0x850e9 ./Core/Src/button.o
                                      0x8549a (size before relaxing)
 .debug_str     0x00000000000850e9      0x6f9 ./Core/Src/main.o
                                      0x85b6a (size before relaxing)
 .debug_str     0x00000000000857e2       0x4d ./Core/Src/pedestrian.o
                                      0x856e4 (size before relaxing)
 .debug_str     0x000000000008582f       0x7b ./Core/Src/scheduler.o
                                      0x84fad (size before relaxing)
 .debug_str     0x00000000000858aa       0x78 ./Core/Src/software_timer.o
                                      0x84f50 (size before relaxing)
 .debug_str     0x0000000000085922      0x33a ./Core/Src/stm32f1xx_hal_msp.o
                                      0x859f6 (size before relaxing)
 .debug_str     0x0000000000085c5c       0xcf ./Core/Src/stm32f1xx_hal_timebase_tim.o
                                      0x817b0 (size before relaxing)
 .debug_str     0x0000000000085d2b      0x116 ./Core/Src/stm32f1xx_it.o
                                      0x856dd (size before relaxing)
 .debug_str     0x0000000000085e41      0x4da ./Core/Src/sysmem.o
                                       0x5d52 (size before relaxing)
 .debug_str     0x000000000008631b       0x7e ./Core/Src/system_stm32f1xx.o
                                      0x80f32 (size before relaxing)
 .debug_str     0x0000000000086399       0x55 ./Core/Src/task.o
                                      0x8548f (size before relaxing)
 .debug_str     0x00000000000863ee       0x36 ./Core/Startup/startup_stm32f103c6tx.o
                                         0x6c (size before relaxing)
 .debug_str     0x0000000000086424      0x34a ./Drivers/STM32F1xx_HAL_Driver/Src/stm32f1xx_hal.o
                                      0x8162b (size before relaxing)
 .debug_str     0x000000000008676e      0x294 ./Drivers/STM32F1xx_HAL_Driver/Src/stm32f1xx_hal_cortex.o
                                      0x81577 (size before relaxing)
 .debug_str     0x0000000000086a02      0x235 ./Drivers/STM32F1xx_HAL_Driver/Src/stm32f1xx_hal_dma.o
                                      0x812db (size before relaxing)
 .debug_str     0x0000000000086c37      0x2d0 ./Drivers/STM32F1xx_HAL_Driver/Src/stm32f1xx_hal_gpio.o
                                      0x812b8 (size before relaxing)
 .debug_str     0x0000000000086f07      0x1f3 ./Drivers/STM32F1xx_HAL_Driver/Src/stm32f1xx_hal_rcc.o
                                      0x81361 (size before relaxing)
 .debug_str     0x00000000000870fa      0xd0b ./Drivers/STM32F1xx_HAL_Driver/Src/stm32f1xx_hal_tim.o
                                      0x8234c (size before relaxing)
 .debug_str     0x0000000000087e05      0x493 ./Drivers/STM32F1xx_HAL_Driver/Src/stm32f1xx_hal_tim_ex.o
                                      0x81b68 (size before relaxing)
 .debug_str     0x0000000000088298      0x5b4 ./Drivers/STM32F1xx_HAL_Driver/Src/stm32f1xx_hal_uart.o
                                      0x8196c (size before relaxing)

.comment        0x0000000000000000       0x50
 .comment       0x0000000000000000       0x50 ./Core/Src/button.o
                                         0x51 (size before relaxing)
 .comment       0x0000000000000050       0x51 ./Core/Src/main.o
 .comment       0x0000000000000050       0x51 ./Core/Src/pedestrian.o
 .comment       0x0000000000000050       0x51 ./Core/Src/scheduler.o
 .comment       0x0000000000000050       0x51 ./Core/Src/software_timer.o
 .comment       0x0000000000000050       0x51 ./Core/Src/stm32f1xx_hal_msp.o
 .comment       0x0000000000000050       0x51 ./Core/Src/stm32f1xx_hal_timebase_tim.o
 .comment       0x0000000000000050       0x51 ./Core/Src/stm32f1xx_it.o
 .comment       0x0000000000000050       0x51 ./Core/Src/sysmem.o
 .comment       0x0000000000000050       0x51 ./Core/Src/system_stm32f1xx.o
 .comment       0x0000000000000050       0x51 ./Core/Src/task.o
 .comment       0x0000000000000050       0x51 ./Drivers/STM32F1xx_HAL_Driver/Src/stm32f1xx_hal.o
 .comment       0x0000000000000050       0x51 ./Drivers/STM32F1xx_HAL_Driver/Src/stm32f1xx_hal_cortex.o
 .comment       0x0000000000000050       0x51 ./Drivers/STM32F1xx_HAL_Driver/Src/stm32f1xx_hal_dma.o
 .comment       0x0000000000000050       0x51 ./Drivers/STM32F1xx_HAL_Driver/Src/stm32f1xx_hal_gpio.o
 .comment       0x0000000000000050       0x51 ./Drivers/STM32F1xx_HAL_Driver/Src/stm32f1xx_hal_rcc.o
 .comment       0x0000000000000050       0x51 ./Drivers/STM32F1xx_HAL_Driver/Src/stm32f1xx_hal_tim.o
 .comment       0x0000000000000050       0x51 ./Drivers/STM32F1xx_HAL_Driver/Src/stm32f1xx_hal_tim_ex.o
 .comment       0x0000000000000050       0x51 ./Drivers/STM32F1xx_HAL_Driver/Src/stm32f1xx_hal_uart.o

.debug_frame    0x0000000000000000     0x39a0
 .debug_frame   0x0000000000000000       0xb0 ./Core/Src/button.o
 .debug_frame   0x00000000000000b0      0x114 ./Core/Src/main.o
 .debug_frame   0x00000000000001c4       0x2c ./Core/Src/pedestrian.o
 .debug_frame   0x00000000000001f0       0xd0 ./Core/Src/scheduler.o
 .debug_frame   0x00000000000002c0       0x7c ./Core/Src/software_timer.o
 .debug_frame   0x000000000000033c       0xec ./Core/Src/stm32f1xx_hal_msp.o
 .debug_frame   0x0000000000000428       0x74 ./Core/Src/stm32f1xx_hal_timebase_tim.o
 .debug_frame   0x000000000000049c      0x178 ./Core/Src/stm32f1xx_it.o
 .debug_frame   0x0000000000000614       0x34 ./Core/Src/sysmem.o
 .debug_frame   0x0000000000000648       0x58 ./Core/Src/system_stm32f1xx.o
 .debug_frame   0x00000000000006a0       0xa8 ./Core/Src/task.o
 .debug_frame   0x0000000000000748      0x334 ./Drivers/STM32F1xx_HAL_Driver/Src/stm32f1xx_hal.o
 .debug_frame   0x0000000000000a7c      0x428 ./Drivers/STM32F1xx_HAL_Driver/Src/stm32f1xx_hal_cortex.o
 .debug_frame   0x0000000000000ea4      0x208 ./Drivers/STM32F1xx_HAL_Driver/Src/stm32f1xx_hal_dma.o
 .debug_frame   0x00000000000010ac      0x14c ./Drivers/STM32F1xx_HAL_Driver/Src/stm32f1xx_hal_gpio.o
 .debug_frame   0x00000000000011f8      0x21c ./Drivers/STM32F1xx_HAL_Driver/Src/stm32f1xx_hal_rcc.o
 .debug_frame   0x0000000000001414     0x11b8 ./Drivers/STM32F1xx_HAL_Driver/Src/stm32f1xx_hal_tim.o
 .debug_frame   0x00000000000025cc      0x638 ./Drivers/STM32F1xx_HAL_Driver/Src/stm32f1xx_hal_tim_ex.o
 .debug_frame   0x0000000000002c04      0x914 ./Drivers/STM32F1xx_HAL_Driver/Src/stm32f1xx_hal_uart.o
 .debug_frame   0x0000000000003518       0x20 d:/lear/k221/mcu/stm_ide/stm32cubeide_1.10.1/stm32cubeide/plugins/com.st.stm32cube.ide.mcu.externaltools.gnu-tools-for-stm32.10.3-2021.10.win32_1.0.0.202111181127/tools/bin/../lib/gcc/arm-none-eabi/10.3.1/../../../../arm-none-eabi/lib/thumb/v7-m/nofp\libc_nano.a(lib_a-errno.o)
 .debug_frame   0x0000000000003538       0x2c d:/lear/k221/mcu/stm_ide/stm32cubeide_1.10.1/stm32cubeide/plugins/com.st.stm32cube.ide.mcu.externaltools.gnu-tools-for-stm32.10.3-2021.10.win32_1.0.0.202111181127/tools/bin/../lib/gcc/arm-none-eabi/10.3.1/../../../../arm-none-eabi/lib/thumb/v7-m/nofp\libc_nano.a(lib_a-init.o)
 .debug_frame   0x0000000000003564       0x20 d:/lear/k221/mcu/stm_ide/stm32cubeide_1.10.1/stm32cubeide/plugins/com.st.stm32cube.ide.mcu.externaltools.gnu-tools-for-stm32.10.3-2021.10.win32_1.0.0.202111181127/tools/bin/../lib/gcc/arm-none-eabi/10.3.1/../../../../arm-none-eabi/lib/thumb/v7-m/nofp\libc_nano.a(lib_a-memset.o)
 .debug_frame   0x0000000000003584       0x6c d:/lear/k221/mcu/stm_ide/stm32cubeide_1.10.1/stm32cubeide/plugins/com.st.stm32cube.ide.mcu.externaltools.gnu-tools-for-stm32.10.3-2021.10.win32_1.0.0.202111181127/tools/bin/../lib/gcc/arm-none-eabi/10.3.1/../../../../arm-none-eabi/lib/thumb/v7-m/nofp\libc_nano.a(lib_a-sprintf.o)
 .debug_frame   0x00000000000035f0       0x90 d:/lear/k221/mcu/stm_ide/stm32cubeide_1.10.1/stm32cubeide/plugins/com.st.stm32cube.ide.mcu.externaltools.gnu-tools-for-stm32.10.3-2021.10.win32_1.0.0.202111181127/tools/bin/../lib/gcc/arm-none-eabi/10.3.1/../../../../arm-none-eabi/lib/thumb/v7-m/nofp\libc_nano.a(lib_a-nano-svfprintf.o)
 .debug_frame   0x0000000000003680       0x60 d:/lear/k221/mcu/stm_ide/stm32cubeide_1.10.1/stm32cubeide/plugins/com.st.stm32cube.ide.mcu.externaltools.gnu-tools-for-stm32.10.3-2021.10.win32_1.0.0.202111181127/tools/bin/../lib/gcc/arm-none-eabi/10.3.1/../../../../arm-none-eabi/lib/thumb/v7-m/nofp\libc_nano.a(lib_a-nano-vfprintf_i.o)
 .debug_frame   0x00000000000036e0       0x28 d:/lear/k221/mcu/stm_ide/stm32cubeide_1.10.1/stm32cubeide/plugins/com.st.stm32cube.ide.mcu.externaltools.gnu-tools-for-stm32.10.3-2021.10.win32_1.0.0.202111181127/tools/bin/../lib/gcc/arm-none-eabi/10.3.1/../../../../arm-none-eabi/lib/thumb/v7-m/nofp\libc_nano.a(lib_a-memchr-stub.o)
 .debug_frame   0x0000000000003708       0x28 d:/lear/k221/mcu/stm_ide/stm32cubeide_1.10.1/stm32cubeide/plugins/com.st.stm32cube.ide.mcu.externaltools.gnu-tools-for-stm32.10.3-2021.10.win32_1.0.0.202111181127/tools/bin/../lib/gcc/arm-none-eabi/10.3.1/../../../../arm-none-eabi/lib/thumb/v7-m/nofp\libc_nano.a(lib_a-memcpy-stub.o)
 .debug_frame   0x0000000000003730       0x28 d:/lear/k221/mcu/stm_ide/stm32cubeide_1.10.1/stm32cubeide/plugins/com.st.stm32cube.ide.mcu.externaltools.gnu-tools-for-stm32.10.3-2021.10.win32_1.0.0.202111181127/tools/bin/../lib/gcc/arm-none-eabi/10.3.1/../../../../arm-none-eabi/lib/thumb/v7-m/nofp\libc_nano.a(lib_a-memmove.o)
 .debug_frame   0x0000000000003758       0x38 d:/lear/k221/mcu/stm_ide/stm32cubeide_1.10.1/stm32cubeide/plugins/com.st.stm32cube.ide.mcu.externaltools.gnu-tools-for-stm32.10.3-2021.10.win32_1.0.0.202111181127/tools/bin/../lib/gcc/arm-none-eabi/10.3.1/../../../../arm-none-eabi/lib/thumb/v7-m/nofp\libc_nano.a(lib_a-nano-freer.o)
 .debug_frame   0x0000000000003790       0x4c d:/lear/k221/mcu/stm_ide/stm32cubeide_1.10.1/stm32cubeide/plugins/com.st.stm32cube.ide.mcu.externaltools.gnu-tools-for-stm32.10.3-2021.10.win32_1.0.0.202111181127/tools/bin/../lib/gcc/arm-none-eabi/10.3.1/../../../../arm-none-eabi/lib/thumb/v7-m/nofp\libc_nano.a(lib_a-nano-mallocr.o)
 .debug_frame   0x00000000000037dc       0x3c d:/lear/k221/mcu/stm_ide/stm32cubeide_1.10.1/stm32cubeide/plugins/com.st.stm32cube.ide.mcu.externaltools.gnu-tools-for-stm32.10.3-2021.10.win32_1.0.0.202111181127/tools/bin/../lib/gcc/arm-none-eabi/10.3.1/../../../../arm-none-eabi/lib/thumb/v7-m/nofp\libc_nano.a(lib_a-nano-reallocr.o)
 .debug_frame   0x0000000000003818       0x2c d:/lear/k221/mcu/stm_ide/stm32cubeide_1.10.1/stm32cubeide/plugins/com.st.stm32cube.ide.mcu.externaltools.gnu-tools-for-stm32.10.3-2021.10.win32_1.0.0.202111181127/tools/bin/../lib/gcc/arm-none-eabi/10.3.1/../../../../arm-none-eabi/lib/thumb/v7-m/nofp\libc_nano.a(lib_a-sbrkr.o)
 .debug_frame   0x0000000000003844       0x30 d:/lear/k221/mcu/stm_ide/stm32cubeide_1.10.1/stm32cubeide/plugins/com.st.stm32cube.ide.mcu.externaltools.gnu-tools-for-stm32.10.3-2021.10.win32_1.0.0.202111181127/tools/bin/../lib/gcc/arm-none-eabi/10.3.1/../../../../arm-none-eabi/lib/thumb/v7-m/nofp\libc_nano.a(lib_a-mlock.o)
 .debug_frame   0x0000000000003874       0x20 d:/lear/k221/mcu/stm_ide/stm32cubeide_1.10.1/stm32cubeide/plugins/com.st.stm32cube.ide.mcu.externaltools.gnu-tools-for-stm32.10.3-2021.10.win32_1.0.0.202111181127/tools/bin/../lib/gcc/arm-none-eabi/10.3.1/../../../../arm-none-eabi/lib/thumb/v7-m/nofp\libc_nano.a(lib_a-nano-msizer.o)
 .debug_frame   0x0000000000003894       0x5c d:/lear/k221/mcu/stm_ide/stm32cubeide_1.10.1/stm32cubeide/plugins/com.st.stm32cube.ide.mcu.externaltools.gnu-tools-for-stm32.10.3-2021.10.win32_1.0.0.202111181127/tools/bin/../lib/gcc/arm-none-eabi/10.3.1/../../../../arm-none-eabi/lib/thumb/v7-m/nofp\libc_nano.a(lib_a-reent.o)
 .debug_frame   0x00000000000038f0       0xb0 d:/lear/k221/mcu/stm_ide/stm32cubeide_1.10.1/stm32cubeide/plugins/com.st.stm32cube.ide.mcu.externaltools.gnu-tools-for-stm32.10.3-2021.10.win32_1.0.0.202111181127/tools/bin/../lib/gcc/arm-none-eabi/10.3.1/../../../../arm-none-eabi/lib/thumb/v7-m/nofp\libc_nano.a(lib_a-lock.o)
